pyinstaller : 845 INFO: PyInstaller: 6.16.0, contrib hooks: 2025.9
At line:1 char:1
+ pyinstaller mlq.spec 2>&1 | Tee-Object -FilePath build_output.log
+ ~~~~~~~~~~~~~~~~~~~~~~~~~
    + CategoryInfo          : NotSpecified: (845 INFO: PyIns...b hooks: 2 
   025.9:String) [], RemoteException
    + FullyQualifiedErrorId : NativeCommandError
 
845 INFO: Python: 3.12.0
902 INFO: Platform: Windows-11-10.0.26100-SP0
902 INFO: Python environment: 
C:\Users\sathi\AppData\Local\Programs\Python\Python312
2025-11-17 22:27:01.695191: I tensorflow/core/util/port.cc:153] oneDNN 
custom operations are on. You may see slightly different numerical 
results due to floating-point round-off errors from different computation 
orders. To turn them off, set the environment variable 
`TF_ENABLE_ONEDNN_OPTS=0`.
2025-11-17 22:27:14.321052: I tensorflow/core/util/port.cc:153] oneDNN 
custom operations are on. You may see slightly different numerical 
results due to floating-point round-off errors from different computation 
orders. To turn them off, set the environment variable 
`TF_ENABLE_ONEDNN_OPTS=0`.
22559 INFO: Module search paths (PYTHONPATH):
['C:\\Users\\sathi\\AppData\\Local\\Programs\\Python\\Python312\\Scripts\\
pyinstaller.exe',
 'c:\\nrn\\lib\\python',
 'C:\\Users\\sathi\\AppData\\Local\\Programs\\Python\\Python312\\python312
.zip',
 'C:\\Users\\sathi\\AppData\\Local\\Programs\\Python\\Python312\\DLLs',
 'C:\\Users\\sathi\\AppData\\Local\\Programs\\Python\\Python312\\Lib',
 'C:\\Users\\sathi\\AppData\\Local\\Programs\\Python\\Python312',
 'C:\\Users\\sathi\\AppData\\Local\\Programs\\Python\\Python312\\Lib\\site
-packages',
 'C:\\Users\\sathi\\AppData\\Local\\Programs\\Python\\Python312\\Lib\\site
-packages\\win32',
 'C:\\Users\\sathi\\AppData\\Local\\Programs\\Python\\Python312\\Lib\\site
-packages\\win32\\lib',
 'C:\\Users\\sathi\\AppData\\Local\\Programs\\Python\\Python312\\Lib\\site
-packages\\Pythonwin',
 'C:\\Users\\sathi\\AppData\\Local\\Programs\\Python\\Python312\\Lib\\site
-packages\\setuptools\\_vendor',
 'D:\\mlq_desktop']
23484 INFO: Appending 'datas' from .spec
23484 INFO: checking Analysis
23484 INFO: Building Analysis because Analysis-00.toc is non existent
23484 INFO: Looking for Python shared library...
23485 INFO: Using Python shared library: 
C:\Users\sathi\AppData\Local\Programs\Python\Python312\python312.dll
23485 INFO: Running Analysis Analysis-00.toc
23485 INFO: Target bytecode optimization level: 0
23485 INFO: Initializing module dependency graph...
23485 INFO: Initializing module graph hook caches...
23651 INFO: Analyzing modules for base_library.zip ...
26014 INFO: Processing standard module hook 'hook-heapq.py' from 'C:\\User
s\\sathi\\AppData\\Local\\Programs\\Python\\Python312\\Lib\\site-packages\
\PyInstaller\\hooks'
26246 INFO: Processing standard module hook 'hook-encodings.py' from 'C:\\
Users\\sathi\\AppData\\Local\\Programs\\Python\\Python312\\Lib\\site-packa
ges\\PyInstaller\\hooks'
29984 INFO: Processing standard module hook 'hook-pickle.py' from 'C:\\Use
rs\\sathi\\AppData\\Local\\Programs\\Python\\Python312\\Lib\\site-packages
\\PyInstaller\\hooks'
35039 INFO: Caching module dependency graph...
35163 INFO: Analyzing D:\mlq_desktop\main.py
35280 INFO: Processing standard module hook 'hook-platform.py' from 'C:\\U
sers\\sathi\\AppData\\Local\\Programs\\Python\\Python312\\Lib\\site-packag
es\\PyInstaller\\hooks'
35311 INFO: Processing standard module hook 'hook-pandas.py' from 'C:\\Use
rs\\sathi\\AppData\\Local\\Programs\\Python\\Python312\\Lib\\site-packages
\\PyInstaller\\hooks'
37567 INFO: Processing standard module hook 'hook-sysconfig.py' from 'C:\\
Users\\sathi\\AppData\\Local\\Programs\\Python\\Python312\\Lib\\site-packa
ges\\PyInstaller\\hooks'
37675 INFO: Processing standard module hook 'hook-numpy.py' from 'C:\\User
s\\sathi\\AppData\\Local\\Programs\\Python\\Python312\\Lib\\site-packages\
\PyInstaller\\hooks'
38764 INFO: Processing standard module hook 'hook-_ctypes.py' from 'C:\\Us
ers\\sathi\\AppData\\Local\\Programs\\Python\\Python312\\Lib\\site-package
s\\PyInstaller\\hooks'
42012 INFO: Processing standard module hook 'hook-difflib.py' from 'C:\\Us
ers\\sathi\\AppData\\Local\\Programs\\Python\\Python312\\Lib\\site-package
s\\PyInstaller\\hooks'
42551 INFO: Processing standard module hook 
'hook-multiprocessing.util.py' from 'C:\\Users\\sathi\\AppData\\Local\\Pro
grams\\Python\\Python312\\Lib\\site-packages\\PyInstaller\\hooks'
42778 INFO: Processing standard module hook 'hook-xml.py' from 'C:\\Users\
\sathi\\AppData\\Local\\Programs\\Python\\Python312\\Lib\\site-packages\\P
yInstaller\\hooks'
44779 INFO: Processing standard module hook 'hook-psutil.py' from 'C:\\Use
rs\\sathi\\AppData\\Local\\Programs\\Python\\Python312\\Lib\\site-packages
\\_pyinstaller_hooks_contrib\\stdhooks'
48012 INFO: Processing standard module hook 'hook-charset_normalizer.py' 
from 'C:\\Users\\sathi\\AppData\\Local\\Programs\\Python\\Python312\\Lib\\
site-packages\\_pyinstaller_hooks_contrib\\stdhooks'
48282 INFO: Processing pre-safe-import-module hook 
'hook-typing_extensions.py' from 'C:\\Users\\sathi\\AppData\\Local\\Progra
ms\\Python\\Python312\\Lib\\site-packages\\PyInstaller\\hooks\\pre_safe_im
port_module'
48282 INFO: SetuptoolsInfo: initializing cached setuptools info...
55373 INFO: Processing standard module hook 'hook-pytz.py' from 'C:\\Users
\\sathi\\AppData\\Local\\Programs\\Python\\Python312\\Lib\\site-packages\\
PyInstaller\\hooks'
56084 INFO: Processing standard module hook 'hook-scipy.py' from 'C:\\User
s\\sathi\\AppData\\Local\\Programs\\Python\\Python312\\Lib\\site-packages\
\PyInstaller\\hooks'
57500 INFO: Processing standard module hook 'hook-pycparser.py' from 'C:\\
Users\\sathi\\AppData\\Local\\Programs\\Python\\Python312\\Lib\\site-packa
ges\\_pyinstaller_hooks_contrib\\stdhooks'
58246 INFO: Processing standard module hook 'hook-setuptools.py' from 'C:\
\Users\\sathi\\AppData\\Local\\Programs\\Python\\Python312\\Lib\\site-pack
ages\\PyInstaller\\hooks'
58330 INFO: Processing pre-safe-import-module hook 'hook-distutils.py' 
from 'C:\\Users\\sathi\\AppData\\Local\\Programs\\Python\\Python312\\Lib\\
site-packages\\PyInstaller\\hooks\\pre_safe_import_module'
58418 INFO: Processing pre-safe-import-module hook 
'hook-jaraco.functools.py' from 'C:\\Users\\sathi\\AppData\\Local\\Program
s\\Python\\Python312\\Lib\\site-packages\\PyInstaller\\hooks\\pre_safe_imp
ort_module'
58418 INFO: Setuptools: 'jaraco.functools' appears to be a 
setuptools-vendored copy - creating alias to 
'setuptools._vendor.jaraco.functools'!
58459 INFO: Processing pre-safe-import-module hook 
'hook-more_itertools.py' from 'C:\\Users\\sathi\\AppData\\Local\\Programs\
\Python\\Python312\\Lib\\site-packages\\PyInstaller\\hooks\\pre_safe_impor
t_module'
58461 INFO: Setuptools: 'more_itertools' appears to be a 
setuptools-vendored copy - creating alias to 
'setuptools._vendor.more_itertools'!
58808 INFO: Processing pre-safe-import-module hook 'hook-packaging.py' 
from 'C:\\Users\\sathi\\AppData\\Local\\Programs\\Python\\Python312\\Lib\\
site-packages\\PyInstaller\\hooks\\pre_safe_import_module'
59125 INFO: Processing pre-safe-import-module hook 'hook-jaraco.text.py' 
from 'C:\\Users\\sathi\\AppData\\Local\\Programs\\Python\\Python312\\Lib\\
site-packages\\PyInstaller\\hooks\\pre_safe_import_module'
59125 INFO: Setuptools: 'jaraco.text' appears to be a setuptools-vendored 
copy - creating alias to 'setuptools._vendor.jaraco.text'!
59158 INFO: Processing standard module hook 
'hook-setuptools._vendor.jaraco.text.py' from 'C:\\Users\\sathi\\AppData\\
Local\\Programs\\Python\\Python312\\Lib\\site-packages\\PyInstaller\\hooks
'
59162 INFO: Processing pre-safe-import-module hook 
'hook-importlib_resources.py' from 'C:\\Users\\sathi\\AppData\\Local\\Prog
rams\\Python\\Python312\\Lib\\site-packages\\PyInstaller\\hooks\\pre_safe_
import_module'
59167 INFO: Processing pre-safe-import-module hook 
'hook-jaraco.context.py' from 'C:\\Users\\sathi\\AppData\\Local\\Programs\
\Python\\Python312\\Lib\\site-packages\\PyInstaller\\hooks\\pre_safe_impor
t_module'
59168 INFO: Setuptools: 'jaraco.context' appears to be a 
setuptools-vendored copy - creating alias to 
'setuptools._vendor.jaraco.context'!
59217 INFO: Processing pre-safe-import-module hook 
'hook-backports.tarfile.py' from 'C:\\Users\\sathi\\AppData\\Local\\Progra
ms\\Python\\Python312\\Lib\\site-packages\\PyInstaller\\hooks\\pre_safe_im
port_module'
59219 INFO: Setuptools: 'backports.tarfile' appears to be a 
setuptools-vendored copy - creating alias to 
'setuptools._vendor.backports.tarfile'!
59371 INFO: Processing standard module hook 'hook-backports.py' from 'C:\\
Users\\sathi\\AppData\\Local\\Programs\\Python\\Python312\\Lib\\site-packa
ges\\_pyinstaller_hooks_contrib\\stdhooks'
59629 INFO: Processing pre-safe-import-module hook 
'hook-importlib_metadata.py' from 'C:\\Users\\sathi\\AppData\\Local\\Progr
ams\\Python\\Python312\\Lib\\site-packages\\PyInstaller\\hooks\\pre_safe_i
mport_module'
59630 INFO: Setuptools: 'importlib_metadata' appears to be a 
setuptools-vendored copy - creating alias to 
'setuptools._vendor.importlib_metadata'!
59685 INFO: Processing standard module hook 
'hook-setuptools._vendor.importlib_metadata.py' from 'C:\\Users\\sathi\\Ap
pData\\Local\\Programs\\Python\\Python312\\Lib\\site-packages\\PyInstaller
\\hooks'
59687 INFO: Processing pre-safe-import-module hook 'hook-zipp.py' from 'C:
\\Users\\sathi\\AppData\\Local\\Programs\\Python\\Python312\\Lib\\site-pac
kages\\PyInstaller\\hooks\\pre_safe_import_module'
59687 INFO: Setuptools: 'zipp' appears to be a setuptools-vendored copy - 
creating alias to 'setuptools._vendor.zipp'!
60547 INFO: Processing pre-safe-import-module hook 'hook-tomli.py' from 'C
:\\Users\\sathi\\AppData\\Local\\Programs\\Python\\Python312\\Lib\\site-pa
ckages\\PyInstaller\\hooks\\pre_safe_import_module'
60547 INFO: Setuptools: 'tomli' appears to be a setuptools-vendored copy 
- creating alias to 'setuptools._vendor.tomli'!
61445 INFO: Processing standard module hook 'hook-pkg_resources.py' from '
C:\\Users\\sathi\\AppData\\Local\\Programs\\Python\\Python312\\Lib\\site-p
ackages\\PyInstaller\\hooks'
62062 INFO: Processing pre-safe-import-module hook 'hook-platformdirs.py' 
from 'C:\\Users\\sathi\\AppData\\Local\\Programs\\Python\\Python312\\Lib\\
site-packages\\PyInstaller\\hooks\\pre_safe_import_module'
62096 INFO: Processing standard module hook 'hook-platformdirs.py' from 'C
:\\Users\\sathi\\AppData\\Local\\Programs\\Python\\Python312\\Lib\\site-pa
ckages\\_pyinstaller_hooks_contrib\\stdhooks'
62657 INFO: Processing pre-safe-import-module hook 'hook-wheel.py' from 'C
:\\Users\\sathi\\AppData\\Local\\Programs\\Python\\Python312\\Lib\\site-pa
ckages\\PyInstaller\\hooks\\pre_safe_import_module'
64039 INFO: Processing standard module hook 'hook-torch.py' from 'C:\\User
s\\sathi\\AppData\\Local\\Programs\\Python\\Python312\\Lib\\site-packages\
\_pyinstaller_hooks_contrib\\stdhooks'
2025-11-17 22:28:14.530852: I tensorflow/core/util/port.cc:153] oneDNN 
custom operations are on. You may see slightly different numerical 
results due to floating-point round-off errors from different computation 
orders. To turn them off, set the environment variable 
`TF_ENABLE_ONEDNN_OPTS=0`.
2025-11-17 22:28:17.751823: I tensorflow/core/util/port.cc:153] oneDNN 
custom operations are on. You may see slightly different numerical 
results due to floating-point round-off errors from different computation 
orders. To turn them off, set the environment variable 
`TF_ENABLE_ONEDNN_OPTS=0`.
13474 WARNING: Failed to collect submodules for 
'torch.testing._internal.opinfo' because importing 
'torch.testing._internal.opinfo' raised: ModuleNotFoundError: No module 
named 'expecttest'
W1117 22:28:26.062000 17296 
site-packages\torch\distributed\elastic\multiprocessing\redirects.py:29] 
NOTE: Redirects are currently not supported in Windows or MacOs.
C:\Users\sathi\AppData\Local\Programs\Python\Python312\Lib\site-packages\P
yInstaller\utils\hooks\__init__.py:665: DeprecationWarning: 
`torch.distributed._sharding_spec` will be deprecated, use 
`torch.distributed._shard.sharding_spec` instead
  __import__(name)
C:\Users\sathi\AppData\Local\Programs\Python\Python312\Lib\site-packages\P
yInstaller\utils\hooks\__init__.py:665: DeprecationWarning: 
`torch.distributed._sharded_tensor` will be deprecated, use 
`torch.distributed._shard.sharded_tensor` instead
  __import__(name)
C:\Users\sathi\AppData\Local\Programs\Python\Python312\Lib\site-packages\P
yInstaller\utils\hooks\__init__.py:665: DeprecationWarning: 
`torch.distributed._shard.checkpoint` will be deprecated, use 
`torch.distributed.checkpoint` instead
  __import__(name)
90913 INFO: hook-torch: this torch build does not depend on MKL...
93553 INFO: Processing standard module hook 'hook-matplotlib.py' from 'C:\
\Users\\sathi\\AppData\\Local\\Programs\\Python\\Python312\\Lib\\site-pack
ages\\PyInstaller\\hooks'
94253 INFO: Processing pre-safe-import-module hook 'hook-gi.py' from 'C:\\
Users\\sathi\\AppData\\Local\\Programs\\Python\\Python312\\Lib\\site-packa
ges\\PyInstaller\\hooks\\pre_safe_import_module'
94645 INFO: Processing standard module hook 
'hook-matplotlib.backend_bases.py' from 'C:\\Users\\sathi\\AppData\\Local\
\Programs\\Python\\Python312\\Lib\\site-packages\\PyInstaller\\hooks'
94920 INFO: Processing standard module hook 'hook-PIL.py' from 'C:\\Users\
\sathi\\AppData\\Local\\Programs\\Python\\Python312\\Lib\\site-packages\\P
yInstaller\\hooks'
95085 INFO: Processing standard module hook 'hook-PIL.Image.py' from 'C:\\
Users\\sathi\\AppData\\Local\\Programs\\Python\\Python312\\Lib\\site-packa
ges\\PyInstaller\\hooks'
95849 INFO: Processing standard module hook 
'hook-xml.etree.cElementTree.py' from 'C:\\Users\\sathi\\AppData\\Local\\P
rograms\\Python\\Python312\\Lib\\site-packages\\PyInstaller\\hooks'
96081 INFO: Processing standard module hook 'hook-xml.dom.domreg.py' from 
'C:\\Users\\sathi\\AppData\\Local\\Programs\\Python\\Python312\\Lib\\site-
packages\\PyInstaller\\hooks'
96675 INFO: Processing standard module hook 'hook-PIL.ImageFilter.py' 
from 'C:\\Users\\sathi\\AppData\\Local\\Programs\\Python\\Python312\\Lib\\
site-packages\\PyInstaller\\hooks'
98284 INFO: Processing standard module hook 'hook-jinja2.py' from 'C:\\Use
rs\\sathi\\AppData\\Local\\Programs\\Python\\Python312\\Lib\\site-packages
\\_pyinstaller_hooks_contrib\\stdhooks'
99284 INFO: Processing standard module hook 'hook-matplotlib.backends.py' 
from 'C:\\Users\\sathi\\AppData\\Local\\Programs\\Python\\Python312\\Lib\\
site-packages\\PyInstaller\\hooks'
99467 INFO: Processing standard module hook 'hook-matplotlib.pyplot.py' 
from 'C:\\Users\\sathi\\AppData\\Local\\Programs\\Python\\Python312\\Lib\\
site-packages\\PyInstaller\\hooks'
101360 INFO: Processing standard module hook 'hook-dateutil.py' from 'C:\\
Users\\sathi\\AppData\\Local\\Programs\\Python\\Python312\\Lib\\site-packa
ges\\_pyinstaller_hooks_contrib\\stdhooks'
101552 INFO: Processing pre-safe-import-module hook 'hook-six.moves.py' 
from 'C:\\Users\\sathi\\AppData\\Local\\Programs\\Python\\Python312\\Lib\\
site-packages\\PyInstaller\\hooks\\pre_safe_import_module'
105896 INFO: Processing standard module hook 'hook-setuptools_scm.py' 
from 'C:\\Users\\sathi\\AppData\\Local\\Programs\\Python\\Python312\\Lib\\
site-packages\\_pyinstaller_hooks_contrib\\stdhooks'
106842 INFO: Processing standard module hook 'hook-pygments.py' from 'C:\\
Users\\sathi\\AppData\\Local\\Programs\\Python\\Python312\\Lib\\site-packa
ges\\PyInstaller\\hooks'
109482 INFO: Processing standard module hook 'hook-IPython.py' from 'C:\\U
sers\\sathi\\AppData\\Local\\Programs\\Python\\Python312\\Lib\\site-packag
es\\_pyinstaller_hooks_contrib\\stdhooks'
112635 INFO: Processing standard module hook 'hook-clr.py' from 'C:\\Users
\\sathi\\AppData\\Local\\Programs\\Python\\Python312\\Lib\\site-packages\\
_pyinstaller_hooks_contrib\\stdhooks'
112679 INFO: Processing standard module hook 'hook-clr_loader.py' from 'C:
\\Users\\sathi\\AppData\\Local\\Programs\\Python\\Python312\\Lib\\site-pac
kages\\_pyinstaller_hooks_contrib\\stdhooks'
114914 INFO: Processing standard module hook 'hook-wcwidth.py' from 'C:\\U
sers\\sathi\\AppData\\Local\\Programs\\Python\\Python312\\Lib\\site-packag
es\\PyInstaller\\hooks'
117637 INFO: Processing standard module hook 'hook-jedi.py' from 'C:\\User
s\\sathi\\AppData\\Local\\Programs\\Python\\Python312\\Lib\\site-packages\
\_pyinstaller_hooks_contrib\\stdhooks'
119247 INFO: Processing standard module hook 'hook-parso.py' from 'C:\\Use
rs\\sathi\\AppData\\Local\\Programs\\Python\\Python312\\Lib\\site-packages
\\_pyinstaller_hooks_contrib\\stdhooks'
122580 INFO: Processing standard module hook 'hook-sqlite3.py' from 'C:\\U
sers\\sathi\\AppData\\Local\\Programs\\Python\\Python312\\Lib\\site-packag
es\\PyInstaller\\hooks'
123255 INFO: Processing standard module hook 'hook-nbformat.py' from 'C:\\
Users\\sathi\\AppData\\Local\\Programs\\Python\\Python312\\Lib\\site-packa
ges\\_pyinstaller_hooks_contrib\\stdhooks'
123830 INFO: Processing standard module hook 'hook-jsonschema.py' from 'C:
\\Users\\sathi\\AppData\\Local\\Programs\\Python\\Python312\\Lib\\site-pac
kages\\_pyinstaller_hooks_contrib\\stdhooks'
125201 INFO: Processing standard module hook 
'hook-jsonschema_specifications.py' from 'C:\\Users\\sathi\\AppData\\Local
\\Programs\\Python\\Python312\\Lib\\site-packages\\_pyinstaller_hooks_cont
rib\\stdhooks'
125364 INFO: Processing standard module hook 'hook-urllib3.py' from 'C:\\U
sers\\sathi\\AppData\\Local\\Programs\\Python\\Python312\\Lib\\site-packag
es\\_pyinstaller_hooks_contrib\\stdhooks'
126332 INFO: Processing standard module hook 'hook-certifi.py' from 'C:\\U
sers\\sathi\\AppData\\Local\\Programs\\Python\\Python312\\Lib\\site-packag
es\\_pyinstaller_hooks_contrib\\stdhooks'
127618 INFO: Processing standard module hook 'hook-zmq.py' from 'C:\\Users
\\sathi\\AppData\\Local\\Programs\\Python\\Python312\\Lib\\site-packages\\
_pyinstaller_hooks_contrib\\stdhooks'
129220 INFO: Processing pre-find-module-path hook 'hook-tkinter.py' from '
C:\\Users\\sathi\\AppData\\Local\\Programs\\Python\\Python312\\Lib\\site-p
ackages\\PyInstaller\\hooks\\pre_find_module_path'
129221 INFO: TclTkInfo: initializing cached Tcl/Tk info...
129625 INFO: Processing standard module hook 'hook-_tkinter.py' from 'C:\\
Users\\sathi\\AppData\\Local\\Programs\\Python\\Python312\\Lib\\site-packa
ges\\PyInstaller\\hooks'
129675 INFO: Processing standard module hook 'hook-PyQt5.py' from 'C:\\Use
rs\\sathi\\AppData\\Local\\Programs\\Python\\Python312\\Lib\\site-packages
\\PyInstaller\\hooks'
143674 INFO: Processing standard module hook 'hook-scipy.linalg.py' from '
C:\\Users\\sathi\\AppData\\Local\\Programs\\Python\\Python312\\Lib\\site-p
ackages\\PyInstaller\\hooks'
144166 INFO: Processing standard module hook 
'hook-scipy.special._ufuncs.py' from 'C:\\Users\\sathi\\AppData\\Local\\Pr
ograms\\Python\\Python312\\Lib\\site-packages\\PyInstaller\\hooks'
144566 INFO: Processing standard module hook 
'hook-scipy.special._ellip_harm_2.py' from 'C:\\Users\\sathi\\AppData\\Loc
al\\Programs\\Python\\Python312\\Lib\\site-packages\\PyInstaller\\hooks'
147296 INFO: Processing standard module hook 
'hook-scipy.spatial._ckdtree.py' from 'C:\\Users\\sathi\\AppData\\Local\\P
rograms\\Python\\Python312\\Lib\\site-packages\\PyInstaller\\hooks'
148355 INFO: Processing standard module hook 
'hook-scipy.spatial.transform.rotation.py' from 'C:\\Users\\sathi\\AppData
\\Local\\Programs\\Python\\Python312\\Lib\\site-packages\\PyInstaller\\hoo
ks'
150412 INFO: Processing standard module hook 'hook-scipy.stats._stats.py' 
from 'C:\\Users\\sathi\\AppData\\Local\\Programs\\Python\\Python312\\Lib\\
site-packages\\PyInstaller\\hooks'
150992 INFO: Processing standard module hook 
'hook-scipy.sparse.csgraph.py' from 'C:\\Users\\sathi\\AppData\\Local\\Pro
grams\\Python\\Python312\\Lib\\site-packages\\PyInstaller\\hooks'
158595 INFO: Processing standard module hook 'hook-lxml.py' from 'C:\\User
s\\sathi\\AppData\\Local\\Programs\\Python\\Python312\\Lib\\site-packages\
\_pyinstaller_hooks_contrib\\stdhooks'
159350 INFO: Processing standard module hook 'hook-lxml.etree.py' from 'C:
\\Users\\sathi\\AppData\\Local\\Programs\\Python\\Python312\\Lib\\site-pac
kages\\_pyinstaller_hooks_contrib\\stdhooks'
163574 INFO: Processing pre-safe-import-module hook 'hook-tensorflow.py' 
from 'C:\\Users\\sathi\\AppData\\Local\\Programs\\Python\\Python312\\Lib\\
site-packages\\_pyinstaller_hooks_contrib\\pre_safe_import_module'
163653 INFO: Processing standard module hook 'hook-tensorflow.py' from 'C:
\\Users\\sathi\\AppData\\Local\\Programs\\Python\\Python312\\Lib\\site-pac
kages\\_pyinstaller_hooks_contrib\\stdhooks'
163659 INFO: hook-tensorflow: tensorflow dist name: tensorflow
163659 INFO: hook-tensorflow: tensorflow version: 2.20.0
2025-11-17 22:29:43.569713: I tensorflow/core/util/port.cc:153] oneDNN 
custom operations are on. You may see slightly different numerical 
results due to floating-point round-off errors from different computation 
orders. To turn them off, set the environment variable 
`TF_ENABLE_ONEDNN_OPTS=0`.
2025-11-17 22:29:47.528657: I tensorflow/core/util/port.cc:153] oneDNN 
custom operations are on. You may see slightly different numerical 
results due to floating-point round-off errors from different computation 
orders. To turn them off, set the environment variable 
`TF_ENABLE_ONEDNN_OPTS=0`.
2025-11-17 22:30:10.035849: I tensorflow/core/util/port.cc:153] oneDNN 
custom operations are on. You may see slightly different numerical 
results due to floating-point round-off errors from different computation 
orders. To turn them off, set the environment variable 
`TF_ENABLE_ONEDNN_OPTS=0`.
2025-11-17 22:30:13.500444: I tensorflow/core/util/port.cc:153] oneDNN 
custom operations are on. You may see slightly different numerical 
results due to floating-point round-off errors from different computation 
orders. To turn them off, set the environment variable 
`TF_ENABLE_ONEDNN_OPTS=0`.
11718 WARNING: Failed to collect submodules for 
'keras.src.backend.openvino' because importing 
'keras.src.backend.openvino' raised: ModuleNotFoundError: No module named 
'openvino'
203065 WARNING: collect_dynamic_libs - skipping library collection for 
module 'tensorflow-plugins' as it is not a package.
228820 INFO: Processing standard module hook 'hook-torchvision.py' from 'C
:\\Users\\sathi\\AppData\\Local\\Programs\\Python\\Python312\\Lib\\site-pa
ckages\\_pyinstaller_hooks_contrib\\stdhooks'
236710 INFO: Processing pre-safe-import-module hook 'hook-win32com.py' 
from 'C:\\Users\\sathi\\AppData\\Local\\Programs\\Python\\Python312\\Lib\\
site-packages\\_pyinstaller_hooks_contrib\\pre_safe_import_module'
236856 INFO: Processing standard module hook 'hook-win32com.py' from 'C:\\
Users\\sathi\\AppData\\Local\\Programs\\Python\\Python312\\Lib\\site-packa
ges\\_pyinstaller_hooks_contrib\\stdhooks'
236866 INFO: Processing standard module hook 'hook-pythoncom.py' from 'C:\
\Users\\sathi\\AppData\\Local\\Programs\\Python\\Python312\\Lib\\site-pack
ages\\_pyinstaller_hooks_contrib\\stdhooks'
237090 INFO: Processing standard module hook 'hook-pywintypes.py' from 'C:
\\Users\\sathi\\AppData\\Local\\Programs\\Python\\Python312\\Lib\\site-pac
kages\\_pyinstaller_hooks_contrib\\stdhooks'
272795 INFO: Processing standard module hook 'hook-fsspec.py' from 'C:\\Us
ers\\sathi\\AppData\\Local\\Programs\\Python\\Python312\\Lib\\site-package
s\\_pyinstaller_hooks_contrib\\stdhooks'
279216 INFO: Processing standard module hook 
'hook-pandas.io.formats.style.py' from 'C:\\Users\\sathi\\AppData\\Local\\
Programs\\Python\\Python312\\Lib\\site-packages\\PyInstaller\\hooks'
284476 INFO: Processing standard module hook 'hook-pandas.plotting.py' 
from 'C:\\Users\\sathi\\AppData\\Local\\Programs\\Python\\Python312\\Lib\\
site-packages\\PyInstaller\\hooks'
286182 INFO: Processing standard module hook 
'hook-pandas.io.clipboard.py' from 'C:\\Users\\sathi\\AppData\\Local\\Prog
rams\\Python\\Python312\\Lib\\site-packages\\PyInstaller\\hooks'
295060 INFO: Processing standard module hook 
'hook-torchvision.io.image.py' from 'C:\\Users\\sathi\\AppData\\Local\\Pro
grams\\Python\\Python312\\Lib\\site-packages\\_pyinstaller_hooks_contrib\\
stdhooks'
297016 INFO: Processing standard module hook 'hook-scipy.io.matlab.py' 
from 'C:\\Users\\sathi\\AppData\\Local\\Programs\\Python\\Python312\\Lib\\
site-packages\\PyInstaller\\hooks'
297786 INFO: Processing standard module hook 'hook-h5py.py' from 'C:\\User
s\\sathi\\AppData\\Local\\Programs\\Python\\Python312\\Lib\\site-packages\
\_pyinstaller_hooks_contrib\\stdhooks'
308908 INFO: Processing standard module hook 'hook-pydantic.py' from 'C:\\
Users\\sathi\\AppData\\Local\\Programs\\Python\\Python312\\Lib\\site-packa
ges\\_pyinstaller_hooks_contrib\\stdhooks'
C:\Users\sathi\AppData\Local\Programs\Python\Python312\Lib\site-packages\p
ydantic\experimental\__init__.py:7: PydanticExperimentalWarning: This 
module is experimental, its contents are subject to change and 
deprecation.
  warnings.warn(
311425 INFO: Processing standard module hook 'hook-zoneinfo.py' from 'C:\\
Users\\sathi\\AppData\\Local\\Programs\\Python\\Python312\\Lib\\site-packa
ges\\_pyinstaller_hooks_contrib\\stdhooks'
313200 INFO: Processing standard module hook 'hook-anyio.py' from 'C:\\Use
rs\\sathi\\AppData\\Local\\Programs\\Python\\Python312\\Lib\\site-packages
\\_pyinstaller_hooks_contrib\\stdhooks'
315100 INFO: Processing standard module hook 'hook-orjson.py' from 'C:\\Us
ers\\sathi\\AppData\\Local\\Programs\\Python\\Python312\\Lib\\site-package
s\\_pyinstaller_hooks_contrib\\stdhooks'
316734 INFO: Processing standard module hook 'hook-websockets.py' from 'C:
\\Users\\sathi\\AppData\\Local\\Programs\\Python\\Python312\\Lib\\site-pac
kages\\_pyinstaller_hooks_contrib\\stdhooks'
C:\Users\sathi\AppData\Local\Programs\Python\Python312\Lib\site-packages\p
ydub\utils.py:300: SyntaxWarning: invalid escape sequence '\('
  m = re.match('([su]([0-9]{1,2})p?) \(([0-9]{1,2}) bit\)$', token)
C:\Users\sathi\AppData\Local\Programs\Python\Python312\Lib\site-packages\p
ydub\utils.py:301: SyntaxWarning: invalid escape sequence '\('
  m2 = re.match('([su]([0-9]{1,2})p?)( \(default\))?$', token)
C:\Users\sathi\AppData\Local\Programs\Python\Python312\Lib\site-packages\p
ydub\utils.py:310: SyntaxWarning: invalid escape sequence '\('
  elif re.match('(flt)p?( \(default\))?$', token):
C:\Users\sathi\AppData\Local\Programs\Python\Python312\Lib\site-packages\p
ydub\utils.py:314: SyntaxWarning: invalid escape sequence '\('
  elif re.match('(dbl)p?( \(default\))?$', token):
320151 INFO: Processing standard module hook 'hook-uvicorn.py' from 'C:\\U
sers\\sathi\\AppData\\Local\\Programs\\Python\\Python312\\Lib\\site-packag
es\\_pyinstaller_hooks_contrib\\stdhooks'
326218 INFO: Processing standard module hook 'hook-sklearn.py' from 'C:\\U
sers\\sathi\\AppData\\Local\\Programs\\Python\\Python312\\Lib\\site-packag
es\\_pyinstaller_hooks_contrib\\stdhooks'
327480 INFO: Processing standard module hook 'hook-sklearn.utils.py' from 
'C:\\Users\\sathi\\AppData\\Local\\Programs\\Python\\Python312\\Lib\\site-
packages\\_pyinstaller_hooks_contrib\\stdhooks'
328963 INFO: Processing standard module hook 
'hook-sklearn.externals.array_api_compat.numpy.py' from 'C:\\Users\\sathi\
\AppData\\Local\\Programs\\Python\\Python312\\Lib\\site-packages\\_pyinsta
ller_hooks_contrib\\stdhooks'
329132 INFO: Processing standard module hook 
'hook-sklearn.externals.array_api_compat.cupy.py' from 'C:\\Users\\sathi\\
AppData\\Local\\Programs\\Python\\Python312\\Lib\\site-packages\\_pyinstal
ler_hooks_contrib\\stdhooks'
329155 INFO: Processing standard module hook 
'hook-sklearn.externals.array_api_compat.torch.py' from 'C:\\Users\\sathi\
\AppData\\Local\\Programs\\Python\\Python312\\Lib\\site-packages\\_pyinsta
ller_hooks_contrib\\stdhooks'
329217 INFO: Processing standard module hook 
'hook-sklearn.externals.array_api_compat.dask.array.py' from 'C:\\Users\\s
athi\\AppData\\Local\\Programs\\Python\\Python312\\Lib\\site-packages\\_py
installer_hooks_contrib\\stdhooks'
329975 INFO: Processing standard module hook 'hook-sklearn.metrics.py' 
from 'C:\\Users\\sathi\\AppData\\Local\\Programs\\Python\\Python312\\Lib\\
site-packages\\_pyinstaller_hooks_contrib\\stdhooks'
335265 INFO: Processing standard module hook 
'hook-sklearn.metrics.cluster.py' from 'C:\\Users\\sathi\\AppData\\Local\\
Programs\\Python\\Python312\\Lib\\site-packages\\_pyinstaller_hooks_contri
b\\stdhooks'
335550 INFO: Processing standard module hook 'hook-sklearn.cluster.py' 
from 'C:\\Users\\sathi\\AppData\\Local\\Programs\\Python\\Python312\\Lib\\
site-packages\\_pyinstaller_hooks_contrib\\stdhooks'
335653 INFO: Processing standard module hook 
'hook-sklearn.metrics.pairwise.py' from 'C:\\Users\\sathi\\AppData\\Local\
\Programs\\Python\\Python312\\Lib\\site-packages\\_pyinstaller_hooks_contr
ib\\stdhooks'
336067 INFO: Processing standard module hook 'hook-sklearn.neighbors.py' 
from 'C:\\Users\\sathi\\AppData\\Local\\Programs\\Python\\Python312\\Lib\\
site-packages\\_pyinstaller_hooks_contrib\\stdhooks'
336238 INFO: Processing standard module hook 
'hook-sklearn.linear_model.py' from 'C:\\Users\\sathi\\AppData\\Local\\Pro
grams\\Python\\Python312\\Lib\\site-packages\\_pyinstaller_hooks_contrib\\
stdhooks'
354250 INFO: Processing standard module hook 'hook-grpc.py' from 'C:\\User
s\\sathi\\AppData\\Local\\Programs\\Python\\Python312\\Lib\\site-packages\
\_pyinstaller_hooks_contrib\\stdhooks'
375575 INFO: Processing standard module hook 'hook-PyQt5.QtCore.py' from '
C:\\Users\\sathi\\AppData\\Local\\Programs\\Python\\Python312\\Lib\\site-p
ackages\\PyInstaller\\hooks'
376931 INFO: Processing standard module hook 'hook-PyQt5.QtWidgets.py' 
from 'C:\\Users\\sathi\\AppData\\Local\\Programs\\Python\\Python312\\Lib\\
site-packages\\PyInstaller\\hooks'
378050 INFO: Processing standard module hook 'hook-PyQt5.QtGui.py' from 'C
:\\Users\\sathi\\AppData\\Local\\Programs\\Python\\Python312\\Lib\\site-pa
ckages\\PyInstaller\\hooks'
378849 INFO: Processing standard module hook 
'hook-matplotlib.backends.backend_qtagg.py' from 'C:\\Users\\sathi\\AppDat
a\\Local\\Programs\\Python\\Python312\\Lib\\site-packages\\PyInstaller\\ho
oks'
378879 INFO: Processing standard module hook 
'hook-matplotlib.backends.qt_compat.py' from 'C:\\Users\\sathi\\AppData\\L
ocal\\Programs\\Python\\Python312\\Lib\\site-packages\\PyInstaller\\hooks'
378881 INFO: hook-matplotlib.backends.qt_compat: selected 'PyQt5' as Qt 
bindings because hook for 'PyQt5' has been run before.
379054 INFO: Analyzing hidden import 'tensorflow.__internal__'
379054 ERROR: Hidden import 'tensorflow.__internal__' not found
379054 INFO: Analyzing hidden import 'tensorflow.__internal__.autograph'
379061 ERROR: Hidden import 'tensorflow.__internal__.autograph' not found
379061 INFO: Analyzing hidden import 'tensorflow.__internal__.decorator'
379061 ERROR: Hidden import 'tensorflow.__internal__.decorator' not found
379061 INFO: Analyzing hidden import 'tensorflow.__internal__.dispatch'
379061 ERROR: Hidden import 'tensorflow.__internal__.dispatch' not found
379061 INFO: Analyzing hidden import 'tensorflow.__internal__.distribute'
379061 ERROR: Hidden import 'tensorflow.__internal__.distribute' not found
379061 INFO: Analyzing hidden import 
'tensorflow.__internal__.distribute.combinations'
379061 ERROR: Hidden import 
'tensorflow.__internal__.distribute.combinations' not found
379061 INFO: Analyzing hidden import 
'tensorflow.__internal__.distribute.interim'
379061 ERROR: Hidden import 'tensorflow.__internal__.distribute.interim' 
not found
379061 INFO: Analyzing hidden import 
'tensorflow.__internal__.distribute.multi_process_runner'
379063 ERROR: Hidden import 
'tensorflow.__internal__.distribute.multi_process_runner' not found
379063 INFO: Analyzing hidden import 
'tensorflow.__internal__.eager_context'
379063 ERROR: Hidden import 'tensorflow.__internal__.eager_context' not 
found
379063 INFO: Analyzing hidden import 
'tensorflow.__internal__.feature_column'
379063 ERROR: Hidden import 'tensorflow.__internal__.feature_column' not 
found
379063 INFO: Analyzing hidden import 'tensorflow.__internal__.function'
379063 ERROR: Hidden import 'tensorflow.__internal__.function' not found
379063 INFO: Analyzing hidden import 'tensorflow.__internal__.graph_util'
379063 ERROR: Hidden import 'tensorflow.__internal__.graph_util' not found
379063 INFO: Analyzing hidden import 
'tensorflow.__internal__.mixed_precision'
379064 ERROR: Hidden import 'tensorflow.__internal__.mixed_precision' not 
found
379064 INFO: Analyzing hidden import 'tensorflow.__internal__.monitoring'
379064 ERROR: Hidden import 'tensorflow.__internal__.monitoring' not found
379064 INFO: Analyzing hidden import 'tensorflow.__internal__.nest'
379064 ERROR: Hidden import 'tensorflow.__internal__.nest' not found
379064 INFO: Analyzing hidden import 'tensorflow.__internal__.ops'
379064 ERROR: Hidden import 'tensorflow.__internal__.ops' not found
379064 INFO: Analyzing hidden import 'tensorflow.__internal__.saved_model'
379064 ERROR: Hidden import 'tensorflow.__internal__.saved_model' not 
found
379064 INFO: Analyzing hidden import 
'tensorflow.__internal__.saved_model.load'
379064 ERROR: Hidden import 'tensorflow.__internal__.saved_model.load' 
not found
379064 INFO: Analyzing hidden import 'tensorflow.__internal__.smart_cond'
379064 ERROR: Hidden import 'tensorflow.__internal__.smart_cond' not found
379064 INFO: Analyzing hidden import 'tensorflow.__internal__.test'
379064 ERROR: Hidden import 'tensorflow.__internal__.test' not found
379064 INFO: Analyzing hidden import 
'tensorflow.__internal__.test.combinations'
379064 ERROR: Hidden import 'tensorflow.__internal__.test.combinations' 
not found
379064 INFO: Analyzing hidden import 'tensorflow.__internal__.tf2'
379064 ERROR: Hidden import 'tensorflow.__internal__.tf2' not found
379064 INFO: Analyzing hidden import 'tensorflow.__internal__.tracking'
379064 ERROR: Hidden import 'tensorflow.__internal__.tracking' not found
379064 INFO: Analyzing hidden import 'tensorflow.__internal__.train'
379064 ERROR: Hidden import 'tensorflow.__internal__.train' not found
379064 INFO: Analyzing hidden import 'tensorflow.__internal__.types'
379064 ERROR: Hidden import 'tensorflow.__internal__.types' not found
379064 INFO: Analyzing hidden import 'tensorflow.__internal__.types.data'
379064 ERROR: Hidden import 'tensorflow.__internal__.types.data' not found
379064 INFO: Analyzing hidden import 'tensorflow.__operators__'
379068 ERROR: Hidden import 'tensorflow.__operators__' not found
379068 INFO: Analyzing hidden import 
'tensorflow._api.v2.compat.v1.compat.v1.compat'
379075 INFO: Analyzing hidden import 
'tensorflow._api.v2.compat.v1.compat.v2.compat'
379080 INFO: Analyzing hidden import 
'tensorflow._api.v2.compat.v2.compat.v1.compat'
379087 INFO: Analyzing hidden import 
'tensorflow._api.v2.compat.v2.compat.v2.compat'
379093 INFO: Analyzing hidden import 'tensorflow._api.v2.v2'
379180 INFO: Analyzing hidden import 'tensorflow.audio'
379180 ERROR: Hidden import 'tensorflow.audio' not found
379180 INFO: Analyzing hidden import 'tensorflow.autodiff'
379180 ERROR: Hidden import 'tensorflow.autodiff' not found
379180 INFO: Analyzing hidden import 'tensorflow.autograph'
379180 ERROR: Hidden import 'tensorflow.autograph' not found
379180 INFO: Analyzing hidden import 'tensorflow.autograph.experimental'
379181 ERROR: Hidden import 'tensorflow.autograph.experimental' not found
379181 INFO: Analyzing hidden import 'tensorflow.bitwise'
379181 ERROR: Hidden import 'tensorflow.bitwise' not found
379181 INFO: Analyzing hidden import 'tensorflow.compat'
379181 ERROR: Hidden import 'tensorflow.compat' not found
379181 INFO: Analyzing hidden import 'tensorflow.compat.v1'
379181 ERROR: Hidden import 'tensorflow.compat.v1' not found
379181 INFO: Analyzing hidden import 'tensorflow.compat.v1.__internal__'
379182 ERROR: Hidden import 'tensorflow.compat.v1.__internal__' not found
379182 INFO: Analyzing hidden import 
'tensorflow.compat.v1.__internal__.types'
379182 ERROR: Hidden import 'tensorflow.compat.v1.__internal__.types' not 
found
379182 INFO: Analyzing hidden import 
'tensorflow.compat.v1.__internal__.types.data'
379182 ERROR: Hidden import 
'tensorflow.compat.v1.__internal__.types.data' not found
379182 INFO: Analyzing hidden import 'tensorflow.compat.v1.app'
379182 ERROR: Hidden import 'tensorflow.compat.v1.app' not found
379182 INFO: Analyzing hidden import 'tensorflow.compat.v1.audio'
379182 ERROR: Hidden import 'tensorflow.compat.v1.audio' not found
379182 INFO: Analyzing hidden import 'tensorflow.compat.v1.autograph'
379184 ERROR: Hidden import 'tensorflow.compat.v1.autograph' not found
379184 INFO: Analyzing hidden import 
'tensorflow.compat.v1.autograph.experimental'
379185 ERROR: Hidden import 'tensorflow.compat.v1.autograph.experimental' 
not found
379185 INFO: Analyzing hidden import 'tensorflow.compat.v1.bitwise'
379185 ERROR: Hidden import 'tensorflow.compat.v1.bitwise' not found
379185 INFO: Analyzing hidden import 'tensorflow.compat.v1.compat'
379185 ERROR: Hidden import 'tensorflow.compat.v1.compat' not found
379185 INFO: Analyzing hidden import 'tensorflow.compat.v1.compat.v1'
379186 ERROR: Hidden import 'tensorflow.compat.v1.compat.v1' not found
379186 INFO: Analyzing hidden import 
'tensorflow.compat.v1.compat.v1.compat'
379186 ERROR: Hidden import 'tensorflow.compat.v1.compat.v1.compat' not 
found
379186 INFO: Analyzing hidden import 'tensorflow.compat.v1.compat.v2'
379187 ERROR: Hidden import 'tensorflow.compat.v1.compat.v2' not found
379187 INFO: Analyzing hidden import 
'tensorflow.compat.v1.compat.v2.compat'
379188 ERROR: Hidden import 'tensorflow.compat.v1.compat.v2.compat' not 
found
379188 INFO: Analyzing hidden import 'tensorflow.compat.v1.config'
379188 ERROR: Hidden import 'tensorflow.compat.v1.config' not found
379188 INFO: Analyzing hidden import 
'tensorflow.compat.v1.config.experimental'
379188 ERROR: Hidden import 'tensorflow.compat.v1.config.experimental' 
not found
379188 INFO: Analyzing hidden import 
'tensorflow.compat.v1.config.optimizer'
379189 ERROR: Hidden import 'tensorflow.compat.v1.config.optimizer' not 
found
379189 INFO: Analyzing hidden import 
'tensorflow.compat.v1.config.threading'
379189 ERROR: Hidden import 'tensorflow.compat.v1.config.threading' not 
found
379189 INFO: Analyzing hidden import 'tensorflow.compat.v1.data'
379189 ERROR: Hidden import 'tensorflow.compat.v1.data' not found
379189 INFO: Analyzing hidden import 
'tensorflow.compat.v1.data.experimental'
379189 ERROR: Hidden import 'tensorflow.compat.v1.data.experimental' not 
found
379191 INFO: Analyzing hidden import 
'tensorflow.compat.v1.data.experimental.service'
379191 ERROR: Hidden import 
'tensorflow.compat.v1.data.experimental.service' not found
379191 INFO: Analyzing hidden import 'tensorflow.compat.v1.debugging'
379191 ERROR: Hidden import 'tensorflow.compat.v1.debugging' not found
379191 INFO: Analyzing hidden import 
'tensorflow.compat.v1.debugging.experimental'
379191 ERROR: Hidden import 'tensorflow.compat.v1.debugging.experimental' 
not found
379191 INFO: Analyzing hidden import 'tensorflow.compat.v1.distribute'
379191 ERROR: Hidden import 'tensorflow.compat.v1.distribute' not found
379191 INFO: Analyzing hidden import 
'tensorflow.compat.v1.distribute.cluster_resolver'
379191 ERROR: Hidden import 
'tensorflow.compat.v1.distribute.cluster_resolver' not found
379191 INFO: Analyzing hidden import 
'tensorflow.compat.v1.distribute.experimental'
379191 ERROR: Hidden import 
'tensorflow.compat.v1.distribute.experimental' not found
379191 INFO: Analyzing hidden import 'tensorflow.compat.v1.distributions'
379192 ERROR: Hidden import 'tensorflow.compat.v1.distributions' not found
379192 INFO: Analyzing hidden import 'tensorflow.compat.v1.dtypes'
379192 ERROR: Hidden import 'tensorflow.compat.v1.dtypes' not found
379192 INFO: Analyzing hidden import 
'tensorflow.compat.v1.dtypes.experimental'
379192 ERROR: Hidden import 'tensorflow.compat.v1.dtypes.experimental' 
not found
379192 INFO: Analyzing hidden import 'tensorflow.compat.v1.errors'
379192 ERROR: Hidden import 'tensorflow.compat.v1.errors' not found
379192 INFO: Analyzing hidden import 'tensorflow.compat.v1.experimental'
379192 ERROR: Hidden import 'tensorflow.compat.v1.experimental' not found
379194 INFO: Analyzing hidden import 
'tensorflow.compat.v1.experimental.extension_type'
379194 ERROR: Hidden import 
'tensorflow.compat.v1.experimental.extension_type' not found
379194 INFO: Analyzing hidden import 'tensorflow.compat.v1.feature_column'
379194 ERROR: Hidden import 'tensorflow.compat.v1.feature_column' not 
found
379194 INFO: Analyzing hidden import 'tensorflow.compat.v1.gfile'
379195 ERROR: Hidden import 'tensorflow.compat.v1.gfile' not found
379195 INFO: Analyzing hidden import 'tensorflow.compat.v1.graph_util'
379195 ERROR: Hidden import 'tensorflow.compat.v1.graph_util' not found
379195 INFO: Analyzing hidden import 'tensorflow.compat.v1.image'
379195 ERROR: Hidden import 'tensorflow.compat.v1.image' not found
379195 INFO: Analyzing hidden import 'tensorflow.compat.v1.initializers'
379195 ERROR: Hidden import 'tensorflow.compat.v1.initializers' not found
379195 INFO: Analyzing hidden import 'tensorflow.compat.v1.io'
379197 ERROR: Hidden import 'tensorflow.compat.v1.io' not found
379197 INFO: Analyzing hidden import 'tensorflow.compat.v1.io.gfile'
379197 ERROR: Hidden import 'tensorflow.compat.v1.io.gfile' not found
379197 INFO: Analyzing hidden import 'tensorflow.compat.v1.layers'
379197 ERROR: Hidden import 'tensorflow.compat.v1.layers' not found
379197 INFO: Analyzing hidden import 'tensorflow.compat.v1.linalg'
379197 ERROR: Hidden import 'tensorflow.compat.v1.linalg' not found
379197 INFO: Analyzing hidden import 
'tensorflow.compat.v1.linalg.experimental'
379197 ERROR: Hidden import 'tensorflow.compat.v1.linalg.experimental' 
not found
379197 INFO: Analyzing hidden import 'tensorflow.compat.v1.lite'
379197 ERROR: Hidden import 'tensorflow.compat.v1.lite' not found
379197 INFO: Analyzing hidden import 'tensorflow.compat.v1.lite.constants'
379197 ERROR: Hidden import 'tensorflow.compat.v1.lite.constants' not 
found
379197 INFO: Analyzing hidden import 
'tensorflow.compat.v1.lite.experimental'
379197 ERROR: Hidden import 'tensorflow.compat.v1.lite.experimental' not 
found
379197 INFO: Analyzing hidden import 
'tensorflow.compat.v1.lite.experimental.authoring'
379199 ERROR: Hidden import 
'tensorflow.compat.v1.lite.experimental.authoring' not found
379199 INFO: Analyzing hidden import 'tensorflow.compat.v1.logging'
379199 ERROR: Hidden import 'tensorflow.compat.v1.logging' not found
379199 INFO: Analyzing hidden import 'tensorflow.compat.v1.lookup'
379199 ERROR: Hidden import 'tensorflow.compat.v1.lookup' not found
379199 INFO: Analyzing hidden import 
'tensorflow.compat.v1.lookup.experimental'
379199 ERROR: Hidden import 'tensorflow.compat.v1.lookup.experimental' 
not found
379200 INFO: Analyzing hidden import 'tensorflow.compat.v1.losses'
379200 ERROR: Hidden import 'tensorflow.compat.v1.losses' not found
379200 INFO: Analyzing hidden import 'tensorflow.compat.v1.manip'
379201 ERROR: Hidden import 'tensorflow.compat.v1.manip' not found
379201 INFO: Analyzing hidden import 'tensorflow.compat.v1.math'
379201 ERROR: Hidden import 'tensorflow.compat.v1.math' not found
379201 INFO: Analyzing hidden import 'tensorflow.compat.v1.math.special'
379201 ERROR: Hidden import 'tensorflow.compat.v1.math.special' not found
379201 INFO: Analyzing hidden import 'tensorflow.compat.v1.metrics'
379202 ERROR: Hidden import 'tensorflow.compat.v1.metrics' not found
379202 INFO: Analyzing hidden import 
'tensorflow.compat.v1.mixed_precision'
379202 ERROR: Hidden import 'tensorflow.compat.v1.mixed_precision' not 
found
379202 INFO: Analyzing hidden import 
'tensorflow.compat.v1.mixed_precision.experimental'
379202 ERROR: Hidden import 
'tensorflow.compat.v1.mixed_precision.experimental' not found
379202 INFO: Analyzing hidden import 'tensorflow.compat.v1.mlir'
379203 ERROR: Hidden import 'tensorflow.compat.v1.mlir' not found
379203 INFO: Analyzing hidden import 
'tensorflow.compat.v1.mlir.experimental'
379205 ERROR: Hidden import 'tensorflow.compat.v1.mlir.experimental' not 
found
379205 INFO: Analyzing hidden import 'tensorflow.compat.v1.nest'
379205 ERROR: Hidden import 'tensorflow.compat.v1.nest' not found
379205 INFO: Analyzing hidden import 'tensorflow.compat.v1.nn'
379205 ERROR: Hidden import 'tensorflow.compat.v1.nn' not found
379205 INFO: Analyzing hidden import 
'tensorflow.compat.v1.nn.experimental'
379205 ERROR: Hidden import 'tensorflow.compat.v1.nn.experimental' not 
found
379205 INFO: Analyzing hidden import 'tensorflow.compat.v1.nn.rnn_cell'
379205 ERROR: Hidden import 'tensorflow.compat.v1.nn.rnn_cell' not found
379205 INFO: Analyzing hidden import 'tensorflow.compat.v1.profiler'
379205 ERROR: Hidden import 'tensorflow.compat.v1.profiler' not found
379205 INFO: Analyzing hidden import 'tensorflow.compat.v1.python_io'
379205 ERROR: Hidden import 'tensorflow.compat.v1.python_io' not found
379205 INFO: Analyzing hidden import 'tensorflow.compat.v1.quantization'
379205 ERROR: Hidden import 'tensorflow.compat.v1.quantization' not found
379205 INFO: Analyzing hidden import 
'tensorflow.compat.v1.quantization.experimental'
379207 ERROR: Hidden import 
'tensorflow.compat.v1.quantization.experimental' not found
379207 INFO: Analyzing hidden import 'tensorflow.compat.v1.queue'
379207 ERROR: Hidden import 'tensorflow.compat.v1.queue' not found
379207 INFO: Analyzing hidden import 'tensorflow.compat.v1.ragged'
379207 ERROR: Hidden import 'tensorflow.compat.v1.ragged' not found
379207 INFO: Analyzing hidden import 'tensorflow.compat.v1.random'
379208 ERROR: Hidden import 'tensorflow.compat.v1.random' not found
379208 INFO: Analyzing hidden import 
'tensorflow.compat.v1.random.experimental'
379208 ERROR: Hidden import 'tensorflow.compat.v1.random.experimental' 
not found
379208 INFO: Analyzing hidden import 'tensorflow.compat.v1.raw_ops'
379208 ERROR: Hidden import 'tensorflow.compat.v1.raw_ops' not found
379208 INFO: Analyzing hidden import 
'tensorflow.compat.v1.resource_loader'
379208 ERROR: Hidden import 'tensorflow.compat.v1.resource_loader' not 
found
379208 INFO: Analyzing hidden import 'tensorflow.compat.v1.saved_model'
379208 ERROR: Hidden import 'tensorflow.compat.v1.saved_model' not found
379208 INFO: Analyzing hidden import 
'tensorflow.compat.v1.saved_model.builder'
379209 ERROR: Hidden import 'tensorflow.compat.v1.saved_model.builder' 
not found
379209 INFO: Analyzing hidden import 
'tensorflow.compat.v1.saved_model.constants'
379209 ERROR: Hidden import 'tensorflow.compat.v1.saved_model.constants' 
not found
379209 INFO: Analyzing hidden import 
'tensorflow.compat.v1.saved_model.experimental'
379209 ERROR: Hidden import 
'tensorflow.compat.v1.saved_model.experimental' not found
379209 INFO: Analyzing hidden import 
'tensorflow.compat.v1.saved_model.loader'
379209 ERROR: Hidden import 'tensorflow.compat.v1.saved_model.loader' not 
found
379209 INFO: Analyzing hidden import 
'tensorflow.compat.v1.saved_model.main_op'
379209 ERROR: Hidden import 'tensorflow.compat.v1.saved_model.main_op' 
not found
379209 INFO: Analyzing hidden import 
'tensorflow.compat.v1.saved_model.signature_constants'
379209 ERROR: Hidden import 
'tensorflow.compat.v1.saved_model.signature_constants' not found
379209 INFO: Analyzing hidden import 
'tensorflow.compat.v1.saved_model.signature_def_utils'
379210 ERROR: Hidden import 
'tensorflow.compat.v1.saved_model.signature_def_utils' not found
379210 INFO: Analyzing hidden import 
'tensorflow.compat.v1.saved_model.tag_constants'
379210 ERROR: Hidden import 
'tensorflow.compat.v1.saved_model.tag_constants' not found
379210 INFO: Analyzing hidden import 
'tensorflow.compat.v1.saved_model.utils'
379210 ERROR: Hidden import 'tensorflow.compat.v1.saved_model.utils' not 
found
379211 INFO: Analyzing hidden import 'tensorflow.compat.v1.sets'
379211 ERROR: Hidden import 'tensorflow.compat.v1.sets' not found
379211 INFO: Analyzing hidden import 'tensorflow.compat.v1.signal'
379211 ERROR: Hidden import 'tensorflow.compat.v1.signal' not found
379211 INFO: Analyzing hidden import 'tensorflow.compat.v1.sparse'
379211 ERROR: Hidden import 'tensorflow.compat.v1.sparse' not found
379211 INFO: Analyzing hidden import 'tensorflow.compat.v1.spectral'
379211 ERROR: Hidden import 'tensorflow.compat.v1.spectral' not found
379211 INFO: Analyzing hidden import 'tensorflow.compat.v1.strings'
379211 ERROR: Hidden import 'tensorflow.compat.v1.strings' not found
379211 INFO: Analyzing hidden import 'tensorflow.compat.v1.summary'
379211 ERROR: Hidden import 'tensorflow.compat.v1.summary' not found
379211 INFO: Analyzing hidden import 'tensorflow.compat.v1.sysconfig'
379211 ERROR: Hidden import 'tensorflow.compat.v1.sysconfig' not found
379211 INFO: Analyzing hidden import 'tensorflow.compat.v1.test'
379211 ERROR: Hidden import 'tensorflow.compat.v1.test' not found
379211 INFO: Analyzing hidden import 
'tensorflow.compat.v1.test.experimental'
379211 ERROR: Hidden import 'tensorflow.compat.v1.test.experimental' not 
found
379214 INFO: Analyzing hidden import 'tensorflow.compat.v1.tpu'
379214 ERROR: Hidden import 'tensorflow.compat.v1.tpu' not found
379214 INFO: Analyzing hidden import 
'tensorflow.compat.v1.tpu.experimental'
379214 ERROR: Hidden import 'tensorflow.compat.v1.tpu.experimental' not 
found
379214 INFO: Analyzing hidden import 
'tensorflow.compat.v1.tpu.experimental.embedding'
379214 ERROR: Hidden import 
'tensorflow.compat.v1.tpu.experimental.embedding' not found
379214 INFO: Analyzing hidden import 'tensorflow.compat.v1.train'
379214 ERROR: Hidden import 'tensorflow.compat.v1.train' not found
379214 INFO: Analyzing hidden import 
'tensorflow.compat.v1.train.experimental'
379214 ERROR: Hidden import 'tensorflow.compat.v1.train.experimental' not 
found
379215 INFO: Analyzing hidden import 
'tensorflow.compat.v1.train.queue_runner'
379215 ERROR: Hidden import 'tensorflow.compat.v1.train.queue_runner' not 
found
379215 INFO: Analyzing hidden import 'tensorflow.compat.v1.types'
379215 ERROR: Hidden import 'tensorflow.compat.v1.types' not found
379215 INFO: Analyzing hidden import 
'tensorflow.compat.v1.types.experimental'
379215 ERROR: Hidden import 'tensorflow.compat.v1.types.experimental' not 
found
379215 INFO: Analyzing hidden import 'tensorflow.compat.v1.user_ops'
379215 ERROR: Hidden import 'tensorflow.compat.v1.user_ops' not found
379215 INFO: Analyzing hidden import 'tensorflow.compat.v1.version'
379215 ERROR: Hidden import 'tensorflow.compat.v1.version' not found
379215 INFO: Analyzing hidden import 'tensorflow.compat.v1.xla'
379237 ERROR: Hidden import 'tensorflow.compat.v1.xla' not found
379237 INFO: Analyzing hidden import 
'tensorflow.compat.v1.xla.experimental'
379237 ERROR: Hidden import 'tensorflow.compat.v1.xla.experimental' not 
found
379237 INFO: Analyzing hidden import 'tensorflow.compat.v2'
379238 ERROR: Hidden import 'tensorflow.compat.v2' not found
379238 INFO: Analyzing hidden import 'tensorflow.compat.v2.__internal__'
379238 ERROR: Hidden import 'tensorflow.compat.v2.__internal__' not found
379238 INFO: Analyzing hidden import 
'tensorflow.compat.v2.__internal__.autograph'
379238 ERROR: Hidden import 'tensorflow.compat.v2.__internal__.autograph' 
not found
379238 INFO: Analyzing hidden import 
'tensorflow.compat.v2.__internal__.decorator'
379238 ERROR: Hidden import 'tensorflow.compat.v2.__internal__.decorator' 
not found
379239 INFO: Analyzing hidden import 
'tensorflow.compat.v2.__internal__.dispatch'
379239 ERROR: Hidden import 'tensorflow.compat.v2.__internal__.dispatch' 
not found
379239 INFO: Analyzing hidden import 
'tensorflow.compat.v2.__internal__.distribute'
379239 ERROR: Hidden import 
'tensorflow.compat.v2.__internal__.distribute' not found
379239 INFO: Analyzing hidden import 
'tensorflow.compat.v2.__internal__.distribute.combinations'
379239 ERROR: Hidden import 
'tensorflow.compat.v2.__internal__.distribute.combinations' not found
379239 INFO: Analyzing hidden import 
'tensorflow.compat.v2.__internal__.distribute.interim'
379240 ERROR: Hidden import 
'tensorflow.compat.v2.__internal__.distribute.interim' not found
379240 INFO: Analyzing hidden import 
'tensorflow.compat.v2.__internal__.distribute.multi_process_runner'
379240 ERROR: Hidden import 
'tensorflow.compat.v2.__internal__.distribute.multi_process_runner' not 
found
379240 INFO: Analyzing hidden import 
'tensorflow.compat.v2.__internal__.eager_context'
379240 ERROR: Hidden import 
'tensorflow.compat.v2.__internal__.eager_context' not found
379240 INFO: Analyzing hidden import 
'tensorflow.compat.v2.__internal__.feature_column'
379240 ERROR: Hidden import 
'tensorflow.compat.v2.__internal__.feature_column' not found
379240 INFO: Analyzing hidden import 
'tensorflow.compat.v2.__internal__.function'
379241 ERROR: Hidden import 'tensorflow.compat.v2.__internal__.function' 
not found
379241 INFO: Analyzing hidden import 
'tensorflow.compat.v2.__internal__.graph_util'
379241 ERROR: Hidden import 
'tensorflow.compat.v2.__internal__.graph_util' not found
379241 INFO: Analyzing hidden import 
'tensorflow.compat.v2.__internal__.mixed_precision'
379241 ERROR: Hidden import 
'tensorflow.compat.v2.__internal__.mixed_precision' not found
379241 INFO: Analyzing hidden import 
'tensorflow.compat.v2.__internal__.monitoring'
379241 ERROR: Hidden import 
'tensorflow.compat.v2.__internal__.monitoring' not found
379241 INFO: Analyzing hidden import 
'tensorflow.compat.v2.__internal__.nest'
379241 ERROR: Hidden import 'tensorflow.compat.v2.__internal__.nest' not 
found
379241 INFO: Analyzing hidden import 
'tensorflow.compat.v2.__internal__.ops'
379243 ERROR: Hidden import 'tensorflow.compat.v2.__internal__.ops' not 
found
379243 INFO: Analyzing hidden import 
'tensorflow.compat.v2.__internal__.saved_model'
379243 ERROR: Hidden import 
'tensorflow.compat.v2.__internal__.saved_model' not found
379243 INFO: Analyzing hidden import 
'tensorflow.compat.v2.__internal__.saved_model.load'
379243 ERROR: Hidden import 
'tensorflow.compat.v2.__internal__.saved_model.load' not found
379243 INFO: Analyzing hidden import 
'tensorflow.compat.v2.__internal__.smart_cond'
379243 ERROR: Hidden import 
'tensorflow.compat.v2.__internal__.smart_cond' not found
379243 INFO: Analyzing hidden import 
'tensorflow.compat.v2.__internal__.test'
379244 ERROR: Hidden import 'tensorflow.compat.v2.__internal__.test' not 
found
379244 INFO: Analyzing hidden import 
'tensorflow.compat.v2.__internal__.test.combinations'
379244 ERROR: Hidden import 
'tensorflow.compat.v2.__internal__.test.combinations' not found
379244 INFO: Analyzing hidden import 
'tensorflow.compat.v2.__internal__.tf2'
379244 ERROR: Hidden import 'tensorflow.compat.v2.__internal__.tf2' not 
found
379335 INFO: Analyzing hidden import 
'tensorflow.compat.v2.__internal__.tracking'
379335 ERROR: Hidden import 'tensorflow.compat.v2.__internal__.tracking' 
not found
379336 INFO: Analyzing hidden import 
'tensorflow.compat.v2.__internal__.train'
379336 ERROR: Hidden import 'tensorflow.compat.v2.__internal__.train' not 
found
379336 INFO: Analyzing hidden import 
'tensorflow.compat.v2.__internal__.types'
379337 ERROR: Hidden import 'tensorflow.compat.v2.__internal__.types' not 
found
379337 INFO: Analyzing hidden import 
'tensorflow.compat.v2.__internal__.types.data'
379338 ERROR: Hidden import 
'tensorflow.compat.v2.__internal__.types.data' not found
379338 INFO: Analyzing hidden import 'tensorflow.compat.v2.__operators__'
379338 ERROR: Hidden import 'tensorflow.compat.v2.__operators__' not found
379338 INFO: Analyzing hidden import 'tensorflow.compat.v2.audio'
379338 ERROR: Hidden import 'tensorflow.compat.v2.audio' not found
379338 INFO: Analyzing hidden import 'tensorflow.compat.v2.autodiff'
379338 ERROR: Hidden import 'tensorflow.compat.v2.autodiff' not found
379338 INFO: Analyzing hidden import 'tensorflow.compat.v2.autograph'
379338 ERROR: Hidden import 'tensorflow.compat.v2.autograph' not found
379338 INFO: Analyzing hidden import 
'tensorflow.compat.v2.autograph.experimental'
379338 ERROR: Hidden import 'tensorflow.compat.v2.autograph.experimental' 
not found
379338 INFO: Analyzing hidden import 'tensorflow.compat.v2.bitwise'
379339 ERROR: Hidden import 'tensorflow.compat.v2.bitwise' not found
379339 INFO: Analyzing hidden import 'tensorflow.compat.v2.compat'
379339 ERROR: Hidden import 'tensorflow.compat.v2.compat' not found
379339 INFO: Analyzing hidden import 'tensorflow.compat.v2.compat.v1'
379339 ERROR: Hidden import 'tensorflow.compat.v2.compat.v1' not found
379339 INFO: Analyzing hidden import 
'tensorflow.compat.v2.compat.v1.compat'
379339 ERROR: Hidden import 'tensorflow.compat.v2.compat.v1.compat' not 
found
379339 INFO: Analyzing hidden import 'tensorflow.compat.v2.compat.v2'
379339 ERROR: Hidden import 'tensorflow.compat.v2.compat.v2' not found
379339 INFO: Analyzing hidden import 
'tensorflow.compat.v2.compat.v2.compat'
379341 ERROR: Hidden import 'tensorflow.compat.v2.compat.v2.compat' not 
found
379341 INFO: Analyzing hidden import 'tensorflow.compat.v2.config'
379341 ERROR: Hidden import 'tensorflow.compat.v2.config' not found
379341 INFO: Analyzing hidden import 
'tensorflow.compat.v2.config.experimental'
379341 ERROR: Hidden import 'tensorflow.compat.v2.config.experimental' 
not found
379341 INFO: Analyzing hidden import 
'tensorflow.compat.v2.config.optimizer'
379341 ERROR: Hidden import 'tensorflow.compat.v2.config.optimizer' not 
found
379341 INFO: Analyzing hidden import 
'tensorflow.compat.v2.config.threading'
379342 ERROR: Hidden import 'tensorflow.compat.v2.config.threading' not 
found
379342 INFO: Analyzing hidden import 'tensorflow.compat.v2.data'
379342 ERROR: Hidden import 'tensorflow.compat.v2.data' not found
379342 INFO: Analyzing hidden import 
'tensorflow.compat.v2.data.experimental'
379342 ERROR: Hidden import 'tensorflow.compat.v2.data.experimental' not 
found
379342 INFO: Analyzing hidden import 
'tensorflow.compat.v2.data.experimental.service'
379342 ERROR: Hidden import 
'tensorflow.compat.v2.data.experimental.service' not found
379343 INFO: Analyzing hidden import 'tensorflow.compat.v2.debugging'
379343 ERROR: Hidden import 'tensorflow.compat.v2.debugging' not found
379343 INFO: Analyzing hidden import 
'tensorflow.compat.v2.debugging.experimental'
379343 ERROR: Hidden import 'tensorflow.compat.v2.debugging.experimental' 
not found
379343 INFO: Analyzing hidden import 'tensorflow.compat.v2.distribute'
379343 ERROR: Hidden import 'tensorflow.compat.v2.distribute' not found
379343 INFO: Analyzing hidden import 
'tensorflow.compat.v2.distribute.cluster_resolver'
379343 ERROR: Hidden import 
'tensorflow.compat.v2.distribute.cluster_resolver' not found
379343 INFO: Analyzing hidden import 
'tensorflow.compat.v2.distribute.coordinator'
379431 ERROR: Hidden import 'tensorflow.compat.v2.distribute.coordinator' 
not found
379431 INFO: Analyzing hidden import 
'tensorflow.compat.v2.distribute.experimental'
379431 ERROR: Hidden import 
'tensorflow.compat.v2.distribute.experimental' not found
379431 INFO: Analyzing hidden import 
'tensorflow.compat.v2.distribute.experimental.coordinator'
379431 ERROR: Hidden import 
'tensorflow.compat.v2.distribute.experimental.coordinator' not found
379431 INFO: Analyzing hidden import 
'tensorflow.compat.v2.distribute.experimental.partitioners'
379431 ERROR: Hidden import 
'tensorflow.compat.v2.distribute.experimental.partitioners' not found
379431 INFO: Analyzing hidden import 
'tensorflow.compat.v2.distribute.experimental.rpc'
379432 ERROR: Hidden import 
'tensorflow.compat.v2.distribute.experimental.rpc' not found
379432 INFO: Analyzing hidden import 'tensorflow.compat.v2.dtypes'
379432 ERROR: Hidden import 'tensorflow.compat.v2.dtypes' not found
379432 INFO: Analyzing hidden import 
'tensorflow.compat.v2.dtypes.experimental'
379432 ERROR: Hidden import 'tensorflow.compat.v2.dtypes.experimental' 
not found
379432 INFO: Analyzing hidden import 'tensorflow.compat.v2.errors'
379432 ERROR: Hidden import 'tensorflow.compat.v2.errors' not found
379432 INFO: Analyzing hidden import 'tensorflow.compat.v2.experimental'
379433 ERROR: Hidden import 'tensorflow.compat.v2.experimental' not found
379433 INFO: Analyzing hidden import 
'tensorflow.compat.v2.experimental.dlpack'
379433 ERROR: Hidden import 'tensorflow.compat.v2.experimental.dlpack' 
not found
379433 INFO: Analyzing hidden import 
'tensorflow.compat.v2.experimental.dtensor'
379433 ERROR: Hidden import 'tensorflow.compat.v2.experimental.dtensor' 
not found
379433 INFO: Analyzing hidden import 
'tensorflow.compat.v2.experimental.extension_type'
379434 ERROR: Hidden import 
'tensorflow.compat.v2.experimental.extension_type' not found
379434 INFO: Analyzing hidden import 
'tensorflow.compat.v2.experimental.numpy'
379434 ERROR: Hidden import 'tensorflow.compat.v2.experimental.numpy' not 
found
379434 INFO: Analyzing hidden import 
'tensorflow.compat.v2.experimental.numpy.random'
379435 ERROR: Hidden import 
'tensorflow.compat.v2.experimental.numpy.random' not found
379435 INFO: Analyzing hidden import 
'tensorflow.compat.v2.experimental.tensorrt'
379435 ERROR: Hidden import 'tensorflow.compat.v2.experimental.tensorrt' 
not found
379435 INFO: Analyzing hidden import 'tensorflow.compat.v2.feature_column'
379436 ERROR: Hidden import 'tensorflow.compat.v2.feature_column' not 
found
379436 INFO: Analyzing hidden import 'tensorflow.compat.v2.graph_util'
379436 ERROR: Hidden import 'tensorflow.compat.v2.graph_util' not found
379436 INFO: Analyzing hidden import 'tensorflow.compat.v2.image'
379436 ERROR: Hidden import 'tensorflow.compat.v2.image' not found
379436 INFO: Analyzing hidden import 'tensorflow.compat.v2.io'
379437 ERROR: Hidden import 'tensorflow.compat.v2.io' not found
379437 INFO: Analyzing hidden import 'tensorflow.compat.v2.io.gfile'
379438 ERROR: Hidden import 'tensorflow.compat.v2.io.gfile' not found
379438 INFO: Analyzing hidden import 'tensorflow.compat.v2.linalg'
379438 ERROR: Hidden import 'tensorflow.compat.v2.linalg' not found
379438 INFO: Analyzing hidden import 
'tensorflow.compat.v2.linalg.experimental'
379438 ERROR: Hidden import 'tensorflow.compat.v2.linalg.experimental' 
not found
379438 INFO: Analyzing hidden import 'tensorflow.compat.v2.lite'
379438 ERROR: Hidden import 'tensorflow.compat.v2.lite' not found
379439 INFO: Analyzing hidden import 
'tensorflow.compat.v2.lite.experimental'
379439 ERROR: Hidden import 'tensorflow.compat.v2.lite.experimental' not 
found
379439 INFO: Analyzing hidden import 
'tensorflow.compat.v2.lite.experimental.authoring'
379439 ERROR: Hidden import 
'tensorflow.compat.v2.lite.experimental.authoring' not found
379439 INFO: Analyzing hidden import 'tensorflow.compat.v2.lookup'
379439 ERROR: Hidden import 'tensorflow.compat.v2.lookup' not found
379439 INFO: Analyzing hidden import 
'tensorflow.compat.v2.lookup.experimental'
379537 ERROR: Hidden import 'tensorflow.compat.v2.lookup.experimental' 
not found
379537 INFO: Analyzing hidden import 'tensorflow.compat.v2.math'
379537 ERROR: Hidden import 'tensorflow.compat.v2.math' not found
379538 INFO: Analyzing hidden import 'tensorflow.compat.v2.math.special'
379538 ERROR: Hidden import 'tensorflow.compat.v2.math.special' not found
379538 INFO: Analyzing hidden import 'tensorflow.compat.v2.mlir'
379538 ERROR: Hidden import 'tensorflow.compat.v2.mlir' not found
379538 INFO: Analyzing hidden import 
'tensorflow.compat.v2.mlir.experimental'
379538 ERROR: Hidden import 'tensorflow.compat.v2.mlir.experimental' not 
found
379538 INFO: Analyzing hidden import 'tensorflow.compat.v2.nest'
379538 ERROR: Hidden import 'tensorflow.compat.v2.nest' not found
379539 INFO: Analyzing hidden import 'tensorflow.compat.v2.nn'
379539 ERROR: Hidden import 'tensorflow.compat.v2.nn' not found
379539 INFO: Analyzing hidden import 
'tensorflow.compat.v2.nn.experimental'
379539 ERROR: Hidden import 'tensorflow.compat.v2.nn.experimental' not 
found
379539 INFO: Analyzing hidden import 'tensorflow.compat.v2.profiler'
379539 ERROR: Hidden import 'tensorflow.compat.v2.profiler' not found
379539 INFO: Analyzing hidden import 
'tensorflow.compat.v2.profiler.experimental'
379539 ERROR: Hidden import 'tensorflow.compat.v2.profiler.experimental' 
not found
379539 INFO: Analyzing hidden import 
'tensorflow.compat.v2.profiler.experimental.client'
379541 ERROR: Hidden import 
'tensorflow.compat.v2.profiler.experimental.client' not found
379541 INFO: Analyzing hidden import 
'tensorflow.compat.v2.profiler.experimental.server'
379541 ERROR: Hidden import 
'tensorflow.compat.v2.profiler.experimental.server' not found
379541 INFO: Analyzing hidden import 'tensorflow.compat.v2.quantization'
379541 ERROR: Hidden import 'tensorflow.compat.v2.quantization' not found
379541 INFO: Analyzing hidden import 
'tensorflow.compat.v2.quantization.experimental'
379542 ERROR: Hidden import 
'tensorflow.compat.v2.quantization.experimental' not found
379542 INFO: Analyzing hidden import 'tensorflow.compat.v2.queue'
379542 ERROR: Hidden import 'tensorflow.compat.v2.queue' not found
379542 INFO: Analyzing hidden import 'tensorflow.compat.v2.ragged'
379542 ERROR: Hidden import 'tensorflow.compat.v2.ragged' not found
379542 INFO: Analyzing hidden import 'tensorflow.compat.v2.random'
379542 ERROR: Hidden import 'tensorflow.compat.v2.random' not found
379543 INFO: Analyzing hidden import 
'tensorflow.compat.v2.random.experimental'
379543 ERROR: Hidden import 'tensorflow.compat.v2.random.experimental' 
not found
379543 INFO: Analyzing hidden import 'tensorflow.compat.v2.raw_ops'
379543 ERROR: Hidden import 'tensorflow.compat.v2.raw_ops' not found
379543 INFO: Analyzing hidden import 'tensorflow.compat.v2.saved_model'
379543 ERROR: Hidden import 'tensorflow.compat.v2.saved_model' not found
379543 INFO: Analyzing hidden import 
'tensorflow.compat.v2.saved_model.experimental'
379544 ERROR: Hidden import 
'tensorflow.compat.v2.saved_model.experimental' not found
379544 INFO: Analyzing hidden import 'tensorflow.compat.v2.sets'
379544 ERROR: Hidden import 'tensorflow.compat.v2.sets' not found
379544 INFO: Analyzing hidden import 'tensorflow.compat.v2.signal'
379544 ERROR: Hidden import 'tensorflow.compat.v2.signal' not found
379544 INFO: Analyzing hidden import 'tensorflow.compat.v2.sparse'
379544 ERROR: Hidden import 'tensorflow.compat.v2.sparse' not found
379544 INFO: Analyzing hidden import 'tensorflow.compat.v2.strings'
379544 ERROR: Hidden import 'tensorflow.compat.v2.strings' not found
379544 INFO: Analyzing hidden import 'tensorflow.compat.v2.summary'
379544 ERROR: Hidden import 'tensorflow.compat.v2.summary' not found
379544 INFO: Analyzing hidden import 
'tensorflow.compat.v2.summary.experimental'
379544 ERROR: Hidden import 'tensorflow.compat.v2.summary.experimental' 
not found
379544 INFO: Analyzing hidden import 'tensorflow.compat.v2.sysconfig'
379658 ERROR: Hidden import 'tensorflow.compat.v2.sysconfig' not found
379658 INFO: Analyzing hidden import 'tensorflow.compat.v2.test'
379659 ERROR: Hidden import 'tensorflow.compat.v2.test' not found
379659 INFO: Analyzing hidden import 
'tensorflow.compat.v2.test.experimental'
379659 ERROR: Hidden import 'tensorflow.compat.v2.test.experimental' not 
found
379659 INFO: Analyzing hidden import 'tensorflow.compat.v2.tpu'
379659 ERROR: Hidden import 'tensorflow.compat.v2.tpu' not found
379659 INFO: Analyzing hidden import 
'tensorflow.compat.v2.tpu.experimental'
379659 ERROR: Hidden import 'tensorflow.compat.v2.tpu.experimental' not 
found
379659 INFO: Analyzing hidden import 
'tensorflow.compat.v2.tpu.experimental.embedding'
379660 ERROR: Hidden import 
'tensorflow.compat.v2.tpu.experimental.embedding' not found
379660 INFO: Analyzing hidden import 'tensorflow.compat.v2.train'
379660 ERROR: Hidden import 'tensorflow.compat.v2.train' not found
379660 INFO: Analyzing hidden import 
'tensorflow.compat.v2.train.experimental'
379660 ERROR: Hidden import 'tensorflow.compat.v2.train.experimental' not 
found
379660 INFO: Analyzing hidden import 'tensorflow.compat.v2.types'
379660 ERROR: Hidden import 'tensorflow.compat.v2.types' not found
379660 INFO: Analyzing hidden import 
'tensorflow.compat.v2.types.experimental'
379660 ERROR: Hidden import 'tensorflow.compat.v2.types.experimental' not 
found
379660 INFO: Analyzing hidden import 
'tensorflow.compat.v2.types.experimental.distributed'
379660 ERROR: Hidden import 
'tensorflow.compat.v2.types.experimental.distributed' not found
379660 INFO: Analyzing hidden import 'tensorflow.compat.v2.version'
379660 ERROR: Hidden import 'tensorflow.compat.v2.version' not found
379660 INFO: Analyzing hidden import 'tensorflow.compat.v2.xla'
379660 ERROR: Hidden import 'tensorflow.compat.v2.xla' not found
379660 INFO: Analyzing hidden import 
'tensorflow.compat.v2.xla.experimental'
379660 ERROR: Hidden import 'tensorflow.compat.v2.xla.experimental' not 
found
379660 INFO: Analyzing hidden import 'tensorflow.compiler.mlir.stablehlo'
379663 INFO: Analyzing hidden import 
'tensorflow.compiler.mlir.stablehlo.stablehlo'
379692 INFO: Analyzing hidden import 'tensorflow.compiler.mlir.tensorflow'
379693 INFO: Analyzing hidden import 
'tensorflow.compiler.mlir.tensorflow.gen_mlir_passthrough_op'
379707 INFO: Analyzing hidden import 'tensorflow.compiler.tf2tensorrt.ops'
379708 INFO: Analyzing hidden import 
'tensorflow.compiler.tf2tensorrt.ops.gen_trt_ops'
379729 INFO: Analyzing hidden import 
'tensorflow.compiler.tf2xla.tf2xla_pb2'
379734 INFO: Analyzing hidden import 
'tensorflow.compiler.xla.tsl.protobuf.bfc_memory_map_pb2'
379740 INFO: Analyzing hidden import 
'tensorflow.compiler.xla.tsl.protobuf.distributed_runtime_payloads_pb2'
379744 INFO: Analyzing hidden import 
'tensorflow.compiler.xla.tsl.protobuf.status_pb2'
379750 INFO: Analyzing hidden import 'tensorflow.config'
379751 ERROR: Hidden import 'tensorflow.config' not found
379751 INFO: Analyzing hidden import 'tensorflow.config.experimental'
379751 ERROR: Hidden import 'tensorflow.config.experimental' not found
379752 INFO: Analyzing hidden import 'tensorflow.config.optimizer'
379752 ERROR: Hidden import 'tensorflow.config.optimizer' not found
379752 INFO: Analyzing hidden import 'tensorflow.config.threading'
379752 ERROR: Hidden import 'tensorflow.config.threading' not found
379753 INFO: Analyzing hidden import 
'tensorflow.core.debug.debug_service_pb2_grpc'
379764 INFO: Analyzing hidden import 
'tensorflow.core.debug.debugger_event_metadata_pb2'
379768 INFO: Analyzing hidden import 
'tensorflow.core.example.example_parser_configuration_pb2'
379776 INFO: Analyzing hidden import 
'tensorflow.core.framework.cpp_shape_inference_pb2'
379781 INFO: Analyzing hidden import 
'tensorflow.core.framework.dataset_pb2'
379787 INFO: Analyzing hidden import 
'tensorflow.core.framework.graph_transfer_info_pb2'
379792 INFO: Analyzing hidden import 
'tensorflow.core.framework.log_memory_pb2'
379798 INFO: Analyzing hidden import 
'tensorflow.core.framework.optimized_function_graph_pb2'
379804 INFO: Analyzing hidden import 
'tensorflow.core.framework.reader_base_pb2'
379808 INFO: Analyzing hidden import 
'tensorflow.core.framework.tensor_slice_pb2'
379813 INFO: Analyzing hidden import 
'tensorflow.core.function.trace_type.serialization_test_pb2'
379818 INFO: Analyzing hidden import 
'tensorflow.core.profiler.profile_pb2'
379832 INFO: Analyzing hidden import 
'tensorflow.core.profiler.profiler_options_pb2'
379843 INFO: Analyzing hidden import 
'tensorflow.core.protobuf.bfc_memory_map_pb2'
379848 INFO: Analyzing hidden import 
'tensorflow.core.protobuf.core_platform_payloads_pb2'
379852 INFO: Analyzing hidden import 
'tensorflow.core.protobuf.named_tensor_pb2'
379858 INFO: Analyzing hidden import 
'tensorflow.core.protobuf.remote_tensor_handle_pb2'
379861 INFO: Analyzing hidden import 'tensorflow.core.protobuf.status_pb2'
379866 INFO: Analyzing hidden import 
'tensorflow.core.protobuf.tensor_bundle_pb2'
379872 INFO: Analyzing hidden import 
'tensorflow.core.protobuf.tpu.compilation_result_pb2'
379879 INFO: Analyzing hidden import 
'tensorflow.core.protobuf.transport_options_pb2'
379882 INFO: Analyzing hidden import 
'tensorflow.core.util.memmapped_file_system_pb2'
379888 INFO: Analyzing hidden import 'tensorflow.core.util.quantization'
379889 INFO: Analyzing hidden import 
'tensorflow.core.util.quantization.uniform_quant_ops_attr_pb2'
379893 INFO: Analyzing hidden import 
'tensorflow.core.util.saved_tensor_slice_pb2'
379899 INFO: Analyzing hidden import 'tensorflow.data'
379900 ERROR: Hidden import 'tensorflow.data' not found
379900 INFO: Analyzing hidden import 'tensorflow.data.experimental'
379900 ERROR: Hidden import 'tensorflow.data.experimental' not found
379900 INFO: Analyzing hidden import 
'tensorflow.data.experimental.service'
379900 ERROR: Hidden import 'tensorflow.data.experimental.service' not 
found
379901 INFO: Analyzing hidden import 'tensorflow.debugging'
379901 ERROR: Hidden import 'tensorflow.debugging' not found
379901 INFO: Analyzing hidden import 'tensorflow.debugging.experimental'
379901 ERROR: Hidden import 'tensorflow.debugging.experimental' not found
379901 INFO: Analyzing hidden import 
'tensorflow.distribute.experimental.rpc.proto.tf_rpc_service_pb2_grpc'
379910 INFO: Analyzing hidden import 
'tensorflow.dtensor.python.numpy_util'
379923 INFO: Analyzing hidden import 'tensorflow.dtensor.python.tests'
379925 INFO: Analyzing hidden import 
'tensorflow.dtensor.python.tests.multi_client_test_util'
379944 INFO: Analyzing hidden import 
'tensorflow.dtensor.python.tests.test_util'
379974 INFO: Analyzing hidden import 
'tensorflow.dtensor.python.tests.test_util_ops'
380001 INFO: Analyzing hidden import 'tensorflow.dtypes'
380002 ERROR: Hidden import 'tensorflow.dtypes' not found
380002 INFO: Analyzing hidden import 'tensorflow.dtypes.experimental'
380002 ERROR: Hidden import 'tensorflow.dtypes.experimental' not found
380002 INFO: Analyzing hidden import 'tensorflow.errors'
380003 ERROR: Hidden import 'tensorflow.errors' not found
380003 INFO: Analyzing hidden import 'tensorflow.experimental'
380003 ERROR: Hidden import 'tensorflow.experimental' not found
380003 INFO: Analyzing hidden import 'tensorflow.experimental.dlpack'
380004 ERROR: Hidden import 'tensorflow.experimental.dlpack' not found
380004 INFO: Analyzing hidden import 'tensorflow.experimental.dtensor'
380005 ERROR: Hidden import 'tensorflow.experimental.dtensor' not found
380005 INFO: Analyzing hidden import 
'tensorflow.experimental.extension_type'
380005 ERROR: Hidden import 'tensorflow.experimental.extension_type' not 
found
380005 INFO: Analyzing hidden import 'tensorflow.experimental.numpy'
380005 ERROR: Hidden import 'tensorflow.experimental.numpy' not found
380005 INFO: Analyzing hidden import 
'tensorflow.experimental.numpy.random'
380006 ERROR: Hidden import 'tensorflow.experimental.numpy.random' not 
found
380006 INFO: Analyzing hidden import 'tensorflow.experimental.tensorrt'
380006 ERROR: Hidden import 'tensorflow.experimental.tensorrt' not found
380006 INFO: Analyzing hidden import 'tensorflow.feature_column'
380006 ERROR: Hidden import 'tensorflow.feature_column' not found
380006 INFO: Analyzing hidden import 'tensorflow.graph_util'
380006 ERROR: Hidden import 'tensorflow.graph_util' not found
380007 INFO: Analyzing hidden import 'tensorflow.image'
380007 ERROR: Hidden import 'tensorflow.image' not found
380007 INFO: Analyzing hidden import 'tensorflow.io'
380007 ERROR: Hidden import 'tensorflow.io' not found
380007 INFO: Analyzing hidden import 'tensorflow.io.gfile'
380007 ERROR: Hidden import 'tensorflow.io.gfile' not found
380007 INFO: Analyzing hidden import 'tensorflow.keras.activations'
380016 INFO: Analyzing hidden import 'tensorflow.keras.applications'
380029 INFO: Analyzing hidden import 
'tensorflow.keras.applications.convnext'
380032 INFO: Analyzing hidden import 
'tensorflow.keras.applications.densenet'
380036 INFO: Analyzing hidden import 
'tensorflow.keras.applications.efficientnet'
380040 INFO: Analyzing hidden import 
'tensorflow.keras.applications.efficientnet_v2'
380044 INFO: Analyzing hidden import 
'tensorflow.keras.applications.imagenet_utils'
380046 INFO: Analyzing hidden import 
'tensorflow.keras.applications.inception_resnet_v2'
380049 INFO: Analyzing hidden import 
'tensorflow.keras.applications.inception_v3'
380053 INFO: Analyzing hidden import 
'tensorflow.keras.applications.mobilenet'
380056 INFO: Analyzing hidden import 
'tensorflow.keras.applications.mobilenet_v2'
380058 INFO: Analyzing hidden import 
'tensorflow.keras.applications.mobilenet_v3'
380060 INFO: Analyzing hidden import 
'tensorflow.keras.applications.nasnet'
380063 INFO: Analyzing hidden import 
'tensorflow.keras.applications.resnet'
380065 INFO: Analyzing hidden import 
'tensorflow.keras.applications.resnet50'
380068 INFO: Analyzing hidden import 
'tensorflow.keras.applications.resnet_v2'
380072 INFO: Analyzing hidden import 'tensorflow.keras.applications.vgg16'
380074 INFO: Analyzing hidden import 'tensorflow.keras.applications.vgg19'
380076 INFO: Analyzing hidden import 
'tensorflow.keras.applications.xception'
380078 INFO: Analyzing hidden import 'tensorflow.keras.backend'
380079 INFO: Analyzing hidden import 'tensorflow.keras.callbacks'
380086 INFO: Analyzing hidden import 'tensorflow.keras.config'
380093 INFO: Analyzing hidden import 'tensorflow.keras.constraints'
380098 INFO: Analyzing hidden import 'tensorflow.keras.datasets'
380101 INFO: Analyzing hidden import 
'tensorflow.keras.datasets.boston_housing'
380105 INFO: Analyzing hidden import 
'tensorflow.keras.datasets.california_housing'
380107 INFO: Analyzing hidden import 'tensorflow.keras.datasets.cifar10'
380108 INFO: Analyzing hidden import 'tensorflow.keras.datasets.cifar100'
380110 INFO: Analyzing hidden import 
'tensorflow.keras.datasets.fashion_mnist'
380112 INFO: Analyzing hidden import 'tensorflow.keras.datasets.imdb'
380115 INFO: Analyzing hidden import 'tensorflow.keras.datasets.mnist'
380116 INFO: Analyzing hidden import 'tensorflow.keras.datasets.reuters'
380119 INFO: Analyzing hidden import 'tensorflow.keras.distribution'
380124 INFO: Analyzing hidden import 'tensorflow.keras.dtype_policies'
380128 INFO: Analyzing hidden import 'tensorflow.keras.export'
380130 INFO: Analyzing hidden import 'tensorflow.keras.initializers'
380140 INFO: Analyzing hidden import 'tensorflow.keras.layers'
380141 INFO: Analyzing hidden import 'tensorflow.keras.legacy'
380143 INFO: Analyzing hidden import 'tensorflow.keras.legacy.saving'
380145 INFO: Analyzing hidden import 'tensorflow.keras.losses'
380145 INFO: Analyzing hidden import 'tensorflow.keras.metrics'
380145 INFO: Analyzing hidden import 'tensorflow.keras.mixed_precision'
380148 INFO: Analyzing hidden import 'tensorflow.keras.models'
380148 INFO: Analyzing hidden import 'tensorflow.keras.ops'
380212 INFO: Analyzing hidden import 'tensorflow.keras.ops.image'
380218 INFO: Analyzing hidden import 'tensorflow.keras.ops.linalg'
380223 INFO: Analyzing hidden import 'tensorflow.keras.ops.nn'
380234 INFO: Analyzing hidden import 'tensorflow.keras.ops.numpy'
380272 INFO: Analyzing hidden import 'tensorflow.keras.optimizers'
380280 INFO: Analyzing hidden import 'tensorflow.keras.optimizers.legacy'
380285 INFO: Analyzing hidden import 
'tensorflow.keras.optimizers.schedules'
380293 INFO: Analyzing hidden import 'tensorflow.keras.preprocessing'
380293 INFO: Analyzing hidden import 
'tensorflow.keras.preprocessing.image'
380294 INFO: Analyzing hidden import 
'tensorflow.keras.preprocessing.sequence'
380294 INFO: Analyzing hidden import 'tensorflow.keras.preprocessing.text'
380294 INFO: Analyzing hidden import 'tensorflow.keras.quantizers'
380300 INFO: Analyzing hidden import 'tensorflow.keras.random'
380306 INFO: Analyzing hidden import 'tensorflow.keras.regularizers'
380311 INFO: Analyzing hidden import 'tensorflow.keras.saving'
380317 INFO: Analyzing hidden import 'tensorflow.keras.tree'
380323 INFO: Analyzing hidden import 'tensorflow.keras.utils'
380333 INFO: Analyzing hidden import 
'tensorflow.keras.utils.bounding_boxes'
380339 INFO: Analyzing hidden import 'tensorflow.keras.utils.legacy'
380342 INFO: Analyzing hidden import 'tensorflow.keras.visualization'
380344 INFO: Analyzing hidden import 'tensorflow.keras.wrappers'
380347 INFO: Analyzing hidden import 'tensorflow.linalg'
380347 ERROR: Hidden import 'tensorflow.linalg' not found
380347 INFO: Analyzing hidden import 'tensorflow.linalg.experimental'
380348 ERROR: Hidden import 'tensorflow.linalg.experimental' not found
380348 INFO: Analyzing hidden import 'tensorflow.lite.experimental.genai'
380349 INFO: Analyzing hidden import 
'tensorflow.lite.experimental.genai.pywrap_genai_ops'
380356 INFO: Analyzing hidden import 
'tensorflow.lite.python._pywrap_analyzer_wrapper'
380357 INFO: Analyzing hidden import 
'tensorflow.lite.python._pywrap_modify_model_interface'
380358 INFO: Analyzing hidden import 
'tensorflow.lite.python._pywrap_string_util'
380359 INFO: Analyzing hidden import 
'tensorflow.lite.python._pywrap_tensorflow_interpreter_wrapper'
380360 INFO: Analyzing hidden import 
'tensorflow.lite.python._pywrap_tensorflow_lite_calibration_wrapper'
380361 INFO: Analyzing hidden import 
'tensorflow.lite.python._pywrap_tensorflow_lite_metrics_wrapper'
380361 INFO: Analyzing hidden import 
'tensorflow.lite.python.format_converter_wrapper_pybind11'
380363 INFO: Analyzing hidden import 'tensorflow.lite.python.optimize._pyw
rap_tensorflow_lite_calibration_wrapper'
380394 INFO: Analyzing hidden import 
'tensorflow.lite.python.pywrap_genai_ops'
380395 INFO: Analyzing hidden import 
'tensorflow.lite.python.tflite_convert'
380473 INFO: Analyzing hidden import 'tensorflow.lite.testing'
380475 INFO: Analyzing hidden import 
'tensorflow.lite.testing._pywrap_string_util'
380480 INFO: Analyzing hidden import 
'tensorflow.lite.tools.optimize.python'
380481 INFO: Analyzing hidden import 
'tensorflow.lite.tools.optimize.python._pywrap_modify_model_interface'
380488 INFO: Analyzing hidden import 
'tensorflow.lite.tools.optimize.sparsity'
380489 INFO: Analyzing hidden import 'tensorflow.lite.tools.optimize.spars
ity.format_converter_wrapper_pybind11'
380495 INFO: Analyzing hidden import 'tensorflow.lite.tools.visualize'
380530 INFO: Analyzing hidden import 'tensorflow.lookup'
380530 ERROR: Hidden import 'tensorflow.lookup' not found
380530 INFO: Analyzing hidden import 'tensorflow.lookup.experimental'
380530 ERROR: Hidden import 'tensorflow.lookup.experimental' not found
380531 INFO: Analyzing hidden import 'tensorflow.math'
380531 ERROR: Hidden import 'tensorflow.math' not found
380531 INFO: Analyzing hidden import 'tensorflow.math.special'
380531 ERROR: Hidden import 'tensorflow.math.special' not found
380531 INFO: Analyzing hidden import 'tensorflow.mlir'
380531 ERROR: Hidden import 'tensorflow.mlir' not found
380532 INFO: Analyzing hidden import 'tensorflow.mlir.experimental'
380532 ERROR: Hidden import 'tensorflow.mlir.experimental' not found
380532 INFO: Analyzing hidden import 'tensorflow.nest'
380532 ERROR: Hidden import 'tensorflow.nest' not found
380532 INFO: Analyzing hidden import 'tensorflow.nn'
380533 ERROR: Hidden import 'tensorflow.nn' not found
380533 INFO: Analyzing hidden import 'tensorflow.nn.experimental'
380533 ERROR: Hidden import 'tensorflow.nn.experimental' not found
380533 INFO: Analyzing hidden import 'tensorflow.profiler'
380534 ERROR: Hidden import 'tensorflow.profiler' not found
380534 INFO: Analyzing hidden import 'tensorflow.profiler.experimental'
380534 ERROR: Hidden import 'tensorflow.profiler.experimental' not found
380535 INFO: Analyzing hidden import 
'tensorflow.profiler.experimental.client'
380535 ERROR: Hidden import 'tensorflow.profiler.experimental.client' not 
found
380535 INFO: Analyzing hidden import 
'tensorflow.profiler.experimental.server'
380536 ERROR: Hidden import 'tensorflow.profiler.experimental.server' not 
found
380536 INFO: Analyzing hidden import 'tensorflow.python._pywrap_tfcompile'
380560 INFO: Analyzing hidden import 'tensorflow.python._pywrap_toco_api'
380563 INFO: Analyzing hidden import 
'tensorflow.python.autograph.core.converter_testing'
380575 INFO: Analyzing hidden import 
'tensorflow.python.autograph.pyct.common_transformers'
380577 INFO: Analyzing hidden import 
'tensorflow.python.autograph.pyct.common_transformers.anf'
380614 INFO: Analyzing hidden import 
'tensorflow.python.autograph.pyct.static_analysis.type_inference'
380658 INFO: Analyzing hidden import 
'tensorflow.python.autograph.pyct.testing'
380659 INFO: Analyzing hidden import 
'tensorflow.python.autograph.pyct.testing.basic_definitions'
380661 INFO: Analyzing hidden import 
'tensorflow.python.autograph.pyct.testing.decorators'
380668 INFO: Analyzing hidden import 
'tensorflow.python.autograph.utils.testing'
380683 INFO: Analyzing hidden import 'tensorflow.python.client.client_lib'
380687 INFO: Analyzing hidden import 
'tensorflow.python.compiler.tensorrt.test'
380689 INFO: Analyzing hidden import 
'tensorflow.python.compiler.tensorrt.test.tf_trt_integration_test_base'
380784 INFO: Analyzing hidden import 'tensorflow.python.data.benchmarks'
380784 INFO: Analyzing hidden import 
'tensorflow.python.data.benchmarks.benchmark_base'
380788 INFO: Analyzing hidden import 
'tensorflow.python.data.experimental.kernel_tests'
380788 INFO: Analyzing hidden import 
'tensorflow.python.data.experimental.kernel_tests.service'
380798 INFO: Analyzing hidden import 'tensorflow.python.data.experimental.
kernel_tests.service.multi_process_cluster'
380865 INFO: Analyzing hidden import 
'tensorflow.python.data.experimental.ops.global_shuffle_op'
380873 INFO: Analyzing hidden import 
'tensorflow.python.data.experimental.ops.map_defun'
380877 INFO: Analyzing hidden import 
'tensorflow.python.data.experimental.ops.matching_files'
380881 INFO: Analyzing hidden import 
'tensorflow.python.data.experimental.ops.testing'
380895 INFO: Analyzing hidden import 
'tensorflow.python.data.kernel_tests.checkpoint_test_base'
380927 INFO: Analyzing hidden import 
'tensorflow.python.data.kernel_tests.tf_record_test_base'
380959 INFO: Analyzing hidden import 
'tensorflow.python.data.ops.shuffle_op'
380987 INFO: Analyzing hidden import 'tensorflow.python.data.util.sparse'
380995 INFO: Analyzing hidden import 
'tensorflow.python.debug.cli.cli_test_utils'
380998 INFO: Analyzing hidden import 
'tensorflow.python.debug.cli.offline_analyzer'
381006 INFO: Analyzing hidden import 
'tensorflow.python.debug.lib.debug_events_monitors'
381019 INFO: Analyzing hidden import 
'tensorflow.python.debug.lib.debug_events_reader'
381074 INFO: Analyzing hidden import 
'tensorflow.python.debug.lib.dumping_callback_test_lib'
381074 INFO: Analyzing hidden import 
'tensorflow.python.debug.lib.grpc_debug_server'
381102 INFO: Analyzing hidden import 
'tensorflow.python.debug.lib.grpc_debug_test_server'
381130 INFO: Analyzing hidden import 
'tensorflow.python.debug.lib.grpc_tensorflow_server'
381138 INFO: Analyzing hidden import 
'tensorflow.python.debug.lib.session_debug_testlib'
381256 INFO: Analyzing hidden import 
'tensorflow.python.distribute.cluster_resolver.sagemaker_cluster_resolver'
381265 INFO: Analyzing hidden import 
'tensorflow.python.distribute.coordinator.fault_tolerance_test_base'
381313 INFO: Analyzing hidden import 
'tensorflow.python.distribute.distribute_config'
381316 INFO: Analyzing hidden import 
'tensorflow.python.distribute.single_loss_example'
381400 INFO: Analyzing hidden import 
'tensorflow.python.distribute.v1.all_reduce'
381442 INFO: Analyzing hidden import 
'tensorflow.python.distribute.values_v2'
381464 INFO: Analyzing hidden import 
'tensorflow.python.eager.benchmarks_test_base'
381472 INFO: Analyzing hidden import 
'tensorflow.python.eager.memory_tests'
381474 INFO: Analyzing hidden import 
'tensorflow.python.eager.memory_tests.memory_test_util'
381480 INFO: Analyzing hidden import 
'tensorflow.python.framework._python_memory_checker_helper'
381500 INFO: Analyzing hidden import 
'tensorflow.python.framework.framework_lib'
381507 INFO: Analyzing hidden import 
'tensorflow.python.framework.memory_checker'
381522 INFO: Analyzing hidden import 
'tensorflow.python.framework.subscribe'
381536 INFO: Analyzing hidden import 
'tensorflow.python.framework.test_ops'
381988 INFO: Analyzing hidden import 
'tensorflow.python.grappler._pywrap_tf_item'
382026 INFO: Analyzing hidden import 'tensorflow.python.grappler.item'
382032 INFO: Analyzing hidden import 
'tensorflow.python.keras.callbacks_v1'
382055 INFO: Analyzing hidden import 
'tensorflow.python.keras.combinations'
382111 INFO: Analyzing hidden import 
'tensorflow.python.keras.engine.base_layer_v1'
382188 INFO: Analyzing hidden import 
'tensorflow.python.keras.engine.saving'
382188 INFO: Analyzing hidden import 
'tensorflow.python.keras.keras_parameterized'
382210 INFO: Analyzing hidden import 
'tensorflow.python.keras.legacy_tf_layers.convolutional'
382238 INFO: Analyzing hidden import 
'tensorflow.python.keras.legacy_tf_layers.pooling'
382242 INFO: Analyzing hidden import 
'tensorflow.python.keras.mixed_precision.get_layer_policy'
382242 INFO: Analyzing hidden import 
'tensorflow.python.keras.mixed_precision.test_util'
382263 INFO: Analyzing hidden import 
'tensorflow.python.keras.saving.saved_model_experimental'
382324 INFO: Analyzing hidden import 
'tensorflow.python.keras.utils.all_utils'
382344 INFO: Analyzing hidden import 
'tensorflow.python.keras.utils.kernelized_utils'
382353 INFO: Analyzing hidden import 'tensorflow.python.kernel_tests'
382354 INFO: Analyzing hidden import 
'tensorflow.python.kernel_tests.nn_ops'
382355 INFO: Analyzing hidden import 
'tensorflow.python.kernel_tests.nn_ops.bias_op_base'
382377 INFO: Analyzing hidden import 
'tensorflow.python.kernel_tests.nn_ops.cudnn_deterministic_base'
382398 INFO: Analyzing hidden import 
'tensorflow.python.kernel_tests.nn_ops.depthwise_conv_op_base'
382454 INFO: Analyzing hidden import 
'tensorflow.python.kernel_tests.nn_ops.xent_op_test_base'
382488 INFO: Analyzing hidden import 
'tensorflow.python.kernel_tests.random'
382489 INFO: Analyzing hidden import 
'tensorflow.python.kernel_tests.random.util'
382499 INFO: Analyzing hidden import 
'tensorflow.python.kernel_tests.signal'
382501 INFO: Analyzing hidden import 
'tensorflow.python.kernel_tests.signal.test_util'
382506 INFO: Analyzing hidden import 
'tensorflow.python.kernel_tests.sparse_ops'
382507 INFO: Analyzing hidden import 
'tensorflow.python.kernel_tests.sparse_ops.sparse_xent_op_test_base'
382536 INFO: Analyzing hidden import 
'tensorflow.python.layers.convolutional'
382539 INFO: Analyzing hidden import 'tensorflow.python.layers.layers'
382543 INFO: Analyzing hidden import 
'tensorflow.python.ops.boosted_trees_ops'
382570 INFO: Analyzing hidden import 
'tensorflow.python.ops.clustering_ops'
382608 INFO: Analyzing hidden import 
'tensorflow.python.ops.distributions.bijector'
382647 INFO: Analyzing hidden import 
'tensorflow.python.ops.distributions.bijector_test_util'
382661 INFO: Analyzing hidden import 
'tensorflow.python.ops.distributions.identity_bijector'
382664 INFO: Analyzing hidden import 
'tensorflow.python.ops.filesystem_ops'
382668 INFO: Analyzing hidden import 
'tensorflow.python.ops.image_grad_test_base'
382893 INFO: Analyzing hidden import 
'tensorflow.python.ops.initializers_ns'
382923 INFO: Analyzing hidden import 'tensorflow.python.ops.linalg.linalg'
382929 INFO: Analyzing hidden import 
'tensorflow.python.ops.linalg.linear_operator_test_util'
382999 INFO: Analyzing hidden import 
'tensorflow.python.ops.linalg.sparse.sparse'
383005 INFO: Analyzing hidden import 'tensorflow.python.ops.map_ops'
383010 INFO: Analyzing hidden import 'tensorflow.python.ops.metrics'
383010 INFO: Analyzing hidden import 
'tensorflow.python.ops.parallel_for.gradients'
383023 INFO: Analyzing hidden import 
'tensorflow.python.ops.parallel_for.test_util'
383030 INFO: Analyzing hidden import 
'tensorflow.python.ops.ragged.ragged_tensor_test_ops'
383038 INFO: Analyzing hidden import 'tensorflow.python.ops.rnn_cell'
383040 INFO: Analyzing hidden import 'tensorflow.python.ops.signal.signal'
383045 INFO: Analyzing hidden import 
'tensorflow.python.ops.structured.structured_array_ops'
383074 INFO: Analyzing hidden import 
'tensorflow.python.ops.structured.structured_ops'
383075 INFO: Analyzing hidden import 
'tensorflow.python.ops.structured.structured_tensor_dynamic'
383081 INFO: Analyzing hidden import 
'tensorflow.python.ops.weak_tensor_test_util'
383089 INFO: Analyzing hidden import 
'tensorflow.python.saved_model.main_op'
383091 INFO: Analyzing hidden import 
'tensorflow.python.saved_model.saved_model'
383095 INFO: Analyzing hidden import 'tensorflow.python.tools.api'
383096 INFO: Analyzing hidden import 
'tensorflow.python.tools.api.generator'
383098 INFO: Analyzing hidden import 
'tensorflow.python.tools.api.generator.create_python_api'
383138 INFO: Analyzing hidden import 
'tensorflow.python.tools.api.generator2'
383140 INFO: Analyzing hidden import 
'tensorflow.python.tools.api.generator2.extractor'
383140 INFO: Analyzing hidden import 
'tensorflow.python.tools.api.generator2.extractor.extractor'
383177 INFO: Analyzing hidden import 
'tensorflow.python.tools.api.generator2.generator'
383177 INFO: Analyzing hidden import 
'tensorflow.python.tools.api.generator2.generator.generator'
383210 INFO: Analyzing hidden import 
'tensorflow.python.tools.freeze_graph'
383232 INFO: Analyzing hidden import 
'tensorflow.python.tools.import_pb_to_tensorboard'
383239 INFO: Analyzing hidden import 
'tensorflow.python.tools.inspect_checkpoint'
383248 INFO: Analyzing hidden import 
'tensorflow.python.tools.optimize_for_inference'
383303 INFO: Analyzing hidden import 
'tensorflow.python.tools.print_selective_registration_header'
383334 INFO: Analyzing hidden import 
'tensorflow.python.tools.saved_model_aot_compile'
383364 INFO: Analyzing hidden import 
'tensorflow.python.tools.saved_model_cli'
383438 INFO: Analyzing hidden import 
'tensorflow.python.tools.strip_unused'
383438 INFO: Analyzing hidden import 
'tensorflow.python.tpu._pywrap_tpu_embedding'
383445 INFO: Analyzing hidden import 'tensorflow.python.tpu.api'
383449 INFO: Analyzing hidden import 
'tensorflow.python.tpu.client.version'
383450 INFO: Analyzing hidden import 'tensorflow.python.tpu.datasets'
383463 INFO: Analyzing hidden import 'tensorflow.python.tpu.functional'
383464 INFO: Analyzing hidden import 
'tensorflow.python.tpu.preempted_hook'
383472 INFO: Analyzing hidden import 
'tensorflow.python.training.checkpoint_management'
383475 INFO: Analyzing hidden import 
'tensorflow.python.training.evaluation'
383489 INFO: Analyzing hidden import 
'tensorflow.python.training.saver_test_utils'
383496 INFO: Analyzing hidden import 
'tensorflow.python.util._pywrap_stat_summarizer'
383513 INFO: Analyzing hidden import 
'tensorflow.python.util._pywrap_transform_graph'
383534 INFO: Analyzing hidden import 
'tensorflow.python.util.deprecated_module'
383540 INFO: Analyzing hidden import 
'tensorflow.python.util.example_parser_configuration'
383550 INFO: Analyzing hidden import 'tensorflow.python.util.keyword_args'
383555 INFO: Analyzing hidden import 
'tensorflow.python.util.pywrap_xla_ops'
383573 INFO: Analyzing hidden import 
'tensorflow.python.util.serialization'
383578 INFO: Analyzing hidden import 'tensorflow.quantization'
383578 ERROR: Hidden import 'tensorflow.quantization' not found
383578 INFO: Analyzing hidden import 
'tensorflow.quantization.experimental'
383578 ERROR: Hidden import 'tensorflow.quantization.experimental' not 
found
383579 INFO: Analyzing hidden import 'tensorflow.queue'
383579 ERROR: Hidden import 'tensorflow.queue' not found
383579 INFO: Analyzing hidden import 'tensorflow.ragged'
383579 ERROR: Hidden import 'tensorflow.ragged' not found
383579 INFO: Analyzing hidden import 'tensorflow.random'
383579 ERROR: Hidden import 'tensorflow.random' not found
383579 INFO: Analyzing hidden import 'tensorflow.random.experimental'
383580 ERROR: Hidden import 'tensorflow.random.experimental' not found
383580 INFO: Analyzing hidden import 'tensorflow.raw_ops'
383580 ERROR: Hidden import 'tensorflow.raw_ops' not found
383580 INFO: Analyzing hidden import 'tensorflow.saved_model'
383580 ERROR: Hidden import 'tensorflow.saved_model' not found
383580 INFO: Analyzing hidden import 'tensorflow.saved_model.experimental'
383581 ERROR: Hidden import 'tensorflow.saved_model.experimental' not 
found
383581 INFO: Analyzing hidden import 'tensorflow.sets'
383581 ERROR: Hidden import 'tensorflow.sets' not found
383581 INFO: Analyzing hidden import 'tensorflow.signal'
383581 ERROR: Hidden import 'tensorflow.signal' not found
383581 INFO: Analyzing hidden import 'tensorflow.sparse'
383581 ERROR: Hidden import 'tensorflow.sparse' not found
383581 INFO: Analyzing hidden import 'tensorflow.strings'
383581 ERROR: Hidden import 'tensorflow.strings' not found
383582 INFO: Analyzing hidden import 'tensorflow.summary'
383582 ERROR: Hidden import 'tensorflow.summary' not found
383582 INFO: Analyzing hidden import 'tensorflow.summary.experimental'
383582 ERROR: Hidden import 'tensorflow.summary.experimental' not found
383582 INFO: Analyzing hidden import 'tensorflow.sysconfig'
383582 ERROR: Hidden import 'tensorflow.sysconfig' not found
383582 INFO: Analyzing hidden import 'tensorflow.test'
383582 ERROR: Hidden import 'tensorflow.test' not found
383583 INFO: Analyzing hidden import 'tensorflow.test.experimental'
383583 ERROR: Hidden import 'tensorflow.test.experimental' not found
383583 INFO: Analyzing hidden import 'tensorflow.tools.common'
383585 INFO: Analyzing hidden import 'tensorflow.tools.common.public_api'
383592 INFO: Analyzing hidden import 
'tensorflow.tools.common.test_module1'
383597 INFO: Analyzing hidden import 'tensorflow.tools.common.traverse'
383604 INFO: Analyzing hidden import 
'tensorflow.tools.compatibility.ast_edits'
383969 INFO: Analyzing hidden import 
'tensorflow.tools.compatibility.ipynb'
383969 INFO: Analyzing hidden import 
'tensorflow.tools.compatibility.module_deprecations_v2'
383984 INFO: Analyzing hidden import 
'tensorflow.tools.compatibility.reorders_v2'
383993 INFO: Analyzing hidden import 
'tensorflow.tools.compatibility.tf_upgrade_v2'
384065 INFO: Analyzing hidden import 
'tensorflow.tools.compatibility.tf_upgrade_v2_main'
384073 INFO: Analyzing hidden import 
'tensorflow.tools.docs.tf_doctest_lib'
384088 INFO: Analyzing hidden import 'tensorflow.tools.pip_package'
384089 INFO: Analyzing hidden import 'tensorflow.tools.pip_package.setup'
384396 INFO: Analyzing hidden import 'tensorflow.tpu'
384396 ERROR: Hidden import 'tensorflow.tpu' not found
384396 INFO: Analyzing hidden import 'tensorflow.tpu.experimental'
384412 ERROR: Hidden import 'tensorflow.tpu.experimental' not found
384412 INFO: Analyzing hidden import 
'tensorflow.tpu.experimental.embedding'
384412 ERROR: Hidden import 'tensorflow.tpu.experimental.embedding' not 
found
384412 INFO: Analyzing hidden import 'tensorflow.train'
384412 ERROR: Hidden import 'tensorflow.train' not found
384412 INFO: Analyzing hidden import 'tensorflow.train.experimental'
384412 ERROR: Hidden import 'tensorflow.train.experimental' not found
384412 INFO: Analyzing hidden import 
'tensorflow.tsl.profiler.protobuf.trace_events_pb2'
384418 INFO: Analyzing hidden import 
'tensorflow.tsl.profiler.protobuf.xplane_pb2'
384424 INFO: Analyzing hidden import 'tensorflow.types'
384424 ERROR: Hidden import 'tensorflow.types' not found
384424 INFO: Analyzing hidden import 'tensorflow.types.experimental'
384424 ERROR: Hidden import 'tensorflow.types.experimental' not found
384424 INFO: Analyzing hidden import 
'tensorflow.types.experimental.distributed'
384424 ERROR: Hidden import 'tensorflow.types.experimental.distributed' 
not found
384424 INFO: Analyzing hidden import 'tensorflow.v2'
384425 ERROR: Hidden import 'tensorflow.v2' not found
384425 INFO: Analyzing hidden import 'tensorflow.version'
384425 ERROR: Hidden import 'tensorflow.version' not found
384425 INFO: Analyzing hidden import 'tensorflow.xla'
384425 ERROR: Hidden import 'tensorflow.xla' not found
384425 INFO: Analyzing hidden import 'tensorflow.xla.experimental'
384425 ERROR: Hidden import 'tensorflow.xla.experimental' not found
384425 INFO: Processing module hooks (post-graph stage)...
385468 INFO: Processing standard module hook 'hook-lxml.isoschematron.py' 
from 'C:\\Users\\sathi\\AppData\\Local\\Programs\\Python\\Python312\\Lib\\
site-packages\\_pyinstaller_hooks_contrib\\stdhooks'
385822 INFO: Processing standard module hook 'hook-sklearn.tree.py' from '
C:\\Users\\sathi\\AppData\\Local\\Programs\\Python\\Python312\\Lib\\site-p
ackages\\_pyinstaller_hooks_contrib\\stdhooks'
401459 INFO: Processing standard module hook 
'hook-matplotlib.backends.py' from 'C:\\Users\\sathi\\AppData\\Local\\Prog
rams\\Python\\Python312\\Lib\\site-packages\\PyInstaller\\hooks'
401459 INFO: Matplotlib backend selection method: automatic discovery of 
used backends
401522 INFO: Discovered Matplotlib backend(s) via `matplotlib.use()` call 
in module 'sympy.testing.runtests': ['Agg', 'Agg']
401556 INFO: Discovered Matplotlib backend(s) via `matplotlib.use()` call 
in module 'gradio.utils': ['agg']
401572 INFO: Discovered Matplotlib backend(s) via `matplotlib.use()` call 
in module 'D:\\mlq_desktop\\main.py': ['Agg']
401574 INFO: The following Matplotlib backends were discovered by 
scanning for `matplotlib.use()` calls: ['Agg', 'agg']. If your backend of 
choice is not in this list, either add a `matplotlib.use()` call to your 
code, or configure the backend collection via hook options (see: 
https://pyinstaller.org/en/stable/hooks-config.html#matplotlib-hooks).
401574 INFO: Selected matplotlib backends: ['Agg', 'agg']
402491 INFO: Processing standard module hook 
'hook-PIL.SpiderImagePlugin.py' from 'C:\\Users\\sathi\\AppData\\Local\\Pr
ograms\\Python\\Python312\\Lib\\site-packages\\PyInstaller\\hooks'
406583 WARNING: Hidden import "scipy.special._cdflib" not found!
406644 INFO: Processing standard module hook 'hook-_tkinter.py' from 'C:\\
Users\\sathi\\AppData\\Local\\Programs\\Python\\Python312\\Lib\\site-packa
ges\\PyInstaller\\hooks'
406647 INFO: Processing standard module hook 'hook-lxml.objectify.py' 
from 'C:\\Users\\sathi\\AppData\\Local\\Programs\\Python\\Python312\\Lib\\
site-packages\\_pyinstaller_hooks_contrib\\stdhooks'
406649 INFO: Processing standard module hook 'hook-tzdata.py' from 'C:\\Us
ers\\sathi\\AppData\\Local\\Programs\\Python\\Python312\\Lib\\site-package
s\\_pyinstaller_hooks_contrib\\stdhooks'
407918 INFO: Performing binary vs. data reclassification (4741 entries)
412036 INFO: Looking for ctypes DLLs
412536 WARNING: Ignoring /usr/lib64/libgomp.so.1 imported from C:\Users\sa
thi\AppData\Local\Programs\Python\Python312\Lib\site-packages\torch\_induc
tor\codecache.py - only basenames are supported with ctypes imports!
412976 INFO: Analyzing run-time hooks ...
413054 INFO: Including run-time hook 'pyi_rth_inspect.py' from 'C:\\Users\
\sathi\\AppData\\Local\\Programs\\Python\\Python312\\Lib\\site-packages\\P
yInstaller\\hooks\\rthooks'
413077 INFO: Including run-time hook 'pyi_rth_pkgutil.py' from 'C:\\Users\
\sathi\\AppData\\Local\\Programs\\Python\\Python312\\Lib\\site-packages\\P
yInstaller\\hooks\\rthooks'
413095 INFO: Including run-time hook 'pyi_rth_pkgres.py' from 'C:\\Users\\
sathi\\AppData\\Local\\Programs\\Python\\Python312\\Lib\\site-packages\\Py
Installer\\hooks\\rthooks'
413126 INFO: Including run-time hook 'pyi_rth_setuptools.py' from 'C:\\Use
rs\\sathi\\AppData\\Local\\Programs\\Python\\Python312\\Lib\\site-packages
\\PyInstaller\\hooks\\rthooks'
413132 INFO: Including run-time hook 'pyi_rth_multiprocessing.py' from 'C:
\\Users\\sathi\\AppData\\Local\\Programs\\Python\\Python312\\Lib\\site-pac
kages\\PyInstaller\\hooks\\rthooks'
413157 INFO: Including run-time hook 'pyi_rth_traitlets.py' from 'C:\\User
s\\sathi\\AppData\\Local\\Programs\\Python\\Python312\\Lib\\site-packages\
\_pyinstaller_hooks_contrib\\rthooks'
413179 INFO: Including run-time hook 'pyi_rth__tkinter.py' from 'C:\\Users
\\sathi\\AppData\\Local\\Programs\\Python\\Python312\\Lib\\site-packages\\
PyInstaller\\hooks\\rthooks'
413202 INFO: Including run-time hook 'pyi_rth_pywintypes.py' from 'C:\\Use
rs\\sathi\\AppData\\Local\\Programs\\Python\\Python312\\Lib\\site-packages
\\_pyinstaller_hooks_contrib\\rthooks'
413224 INFO: Including run-time hook 'pyi_rth_pythoncom.py' from 'C:\\User
s\\sathi\\AppData\\Local\\Programs\\Python\\Python312\\Lib\\site-packages\
\_pyinstaller_hooks_contrib\\rthooks'
413230 INFO: Including run-time hook 'pyi_rth_tensorflow.py' from 'C:\\Use
rs\\sathi\\AppData\\Local\\Programs\\Python\\Python312\\Lib\\site-packages
\\_pyinstaller_hooks_contrib\\rthooks'
413253 INFO: Including run-time hook 'pyi_rth_pyqt5.py' from 'C:\\Users\\s
athi\\AppData\\Local\\Programs\\Python\\Python312\\Lib\\site-packages\\PyI
nstaller\\hooks\\rthooks'
413278 INFO: Processing pre-find-module-path hook 
'hook-_pyi_rth_utils.py' from 'C:\\Users\\sathi\\AppData\\Local\\Programs\
\Python\\Python312\\Lib\\site-packages\\PyInstaller\\hooks\\pre_find_modul
e_path'
413283 INFO: Processing standard module hook 'hook-_pyi_rth_utils.py' 
from 'C:\\Users\\sathi\\AppData\\Local\\Programs\\Python\\Python312\\Lib\\
site-packages\\PyInstaller\\hooks'
413292 INFO: Including run-time hook 'pyi_rth_mplconfig.py' from 'C:\\User
s\\sathi\\AppData\\Local\\Programs\\Python\\Python312\\Lib\\site-packages\
\PyInstaller\\hooks\\rthooks'
413775 INFO: Creating base_library.zip...
413825 INFO: Looking for dynamic libraries
Traceback (most recent call last):
  File "C:\Users\sathi\AppData\Local\Programs\Python\Python312\Lib\site-pa
ckages\PyInstaller\building\build_main.py", line 287, in 
find_binary_dependencies
    child.call(import_library, package)
  File "C:\Users\sathi\AppData\Local\Programs\Python\Python312\Lib\site-pa
ckages\PyInstaller\isolated\_parent.py", line 322, in call
    raise SubprocessDiedError(
PyInstaller.isolated._parent.SubprocessDiedError: Child process died 
calling import_library() with args=('onnxscript.onnx_opset',) and 
kwargs={}. Its exit code was 3221225477.

The above exception was the direct cause of the following exception:

Traceback (most recent call last):
  File "<frozen runpy>", line 198, in _run_module_as_main
  File "<frozen runpy>", line 88, in _run_code
  File "C:\Users\sathi\AppData\Local\Programs\Python\Python312\Scripts\pyi
nstaller.exe\__main__.py", line 7, in <module>
  File "C:\Users\sathi\AppData\Local\Programs\Python\Python312\Lib\site-pa
ckages\PyInstaller\__main__.py", line 231, in _console_script_run
    run()
  File "C:\Users\sathi\AppData\Local\Programs\Python\Python312\Lib\site-pa
ckages\PyInstaller\__main__.py", line 215, in run
    run_build(pyi_config, spec_file, **vars(args))
  File "C:\Users\sathi\AppData\Local\Programs\Python\Python312\Lib\site-pa
ckages\PyInstaller\__main__.py", line 70, in run_build
    PyInstaller.building.build_main.main(pyi_config, spec_file, **kwargs)
  File "C:\Users\sathi\AppData\Local\Programs\Python\Python312\Lib\site-pa
ckages\PyInstaller\building\build_main.py", line 1272, in main
    build(specfile, distpath, workpath, clean_build)
  File "C:\Users\sathi\AppData\Local\Programs\Python\Python312\Lib\site-pa
ckages\PyInstaller\building\build_main.py", line 1210, in build
    exec(code, spec_namespace)
  File "mlq.spec", line 12, in <module>
    a = Analysis(
        ^^^^^^^^^
  File "C:\Users\sathi\AppData\Local\Programs\Python\Python312\Lib\site-pa
ckages\PyInstaller\building\build_main.py", line 584, in __init__
    self.__postinit__()
  File "C:\Users\sathi\AppData\Local\Programs\Python\Python312\Lib\site-pa
ckages\PyInstaller\building\datastruct.py", line 184, in __postinit__
    self.assemble()
  File "C:\Users\sathi\AppData\Local\Programs\Python\Python312\Lib\site-pa
ckages\PyInstaller\building\build_main.py", line 967, in assemble
    find_binary_dependencies(self.binaries, collected_packages, 
self.graph._bindepend_symlink_suppression)
  File "C:\Users\sathi\AppData\Local\Programs\Python\Python312\Lib\site-pa
ckages\PyInstaller\building\build_main.py", line 291, in 
find_binary_dependencies
    raise isolated.SubprocessDiedError(
PyInstaller.isolated._parent.SubprocessDiedError: Isolated subprocess 
crashed while importing package 'onnxscript.onnx_opset'! Package import 
list: ['PyQt5', 'ctypes', '_pyi_rth_utils', 'logging', 
'importlib.metadata', 'importlib.resources', 'urllib', 'zipfile', 
'zipfile._path', 'email', 'http', 'html', 'pydoc_data', 'traitlets', 
'traitlets.utils', 'xmlrpc', 'xml.parsers', 'xml', 'xml.sax', 
'multiprocessing.dummy', 'multiprocessing', '_distutils_hack', 
'setuptools', 'setuptools._vendor.more_itertools', 'json', 
'setuptools._distutils.command', 'setuptools._distutils', 'unittest', 
'asyncio', 'concurrent.futures', 'concurrent', 
'setuptools._vendor.jaraco.functools', 'setuptools._distutils.compat', 
'packaging', 'setuptools._vendor.importlib_metadata', 
'setuptools._vendor.importlib_metadata.compat', 
'setuptools._vendor.zipp', 'setuptools._vendor.zipp.compat', 'wheel', 
'setuptools._vendor.jaraco.text', 'setuptools._vendor.backports.tarfile', 
'setuptools._vendor.backports', 
'setuptools._vendor.backports.tarfile.compat', 'backports', 
'setuptools.compat', 'wheel.cli', 'wheel.vendored.packaging', 
'wheel.vendored', 'pkg_resources', 'packaging.licenses', 'platformdirs', 
'setuptools.config._validate_pyproject', 'setuptools._vendor.packaging', 
'setuptools._vendor.tomli', 'tomllib', 'setuptools.config', 
'setuptools.command', 'google.protobuf.pyext', 
'google.protobuf.internal', 'google.protobuf', 
'tensorflow.tsl.profiler.protobuf', 'tensorflow.tsl.profiler', 
'tensorflow.tsl', 'jaraco.collections', 'tensorflow.tools.pip_package', 
'tensorflow.tools.docs', 'pasta', 'pasta.augment', 'pasta.base', 
'tensorflow.tools.compatibility', 'tensorflow.tools.common', 
'tensorflow.tools', 'tensorflow.security.fuzzing.py', 
'tensorflow.security.fuzzing', 'tensorflow.security', 'wrapt', 
'tensorflow.python.util.protobuf', 'keras', 'keras.src', 
'keras.src.visualization', 
'keras.src.layers.preprocessing.image_preprocessing', 
'keras.src.layers.preprocessing', 'torch._dynamo', 'torch.jit', 
'torch.utils', 'torch.utils.data', 'torch.distributed', 
'torch.testing._internal.distributed', 'torch.testing._internal', 
'torch.testing', 'torch.monitor', 'torch.utils.tensorboard', 
'tensorboard.summary.writer', 'tensorboard.compat.proto', 
'tensorboard.compat', 'tensorboard.compat.tensorflow_stub', 
'tensorboard.compat.tensorflow_stub.io', 'fsspec', 'idna', 
'urllib3.http2', 'urllib3', 'urllib3.contrib.emscripten', 
'urllib3.contrib', 'certifi', 'urllib3.util', 'requests', 
'charset_normalizer', 'jinja2', 'markupsafe', 'fsspec.implementations', 
'tqdm', 'IPython', 'IPython.terminal', 'IPython.terminal.pt_inputhooks', 
'IPython.external', 'traitlets.config', 'IPython.utils', 
'pygments.styles', 'pygments.formatters', 'pygments', 'pygments.lexers', 
'numpy.typing', 'numpy.testing', 'numpy._utils', 'numpy._core', 
'numpy.ma', 'numpy.matrixlib', 'numpy.linalg', 'numpy.lib', 
'ctypes.macholib', 'psutil', 'numpy.testing._private', 'numpy._typing', 
'xml.etree', 'defusedxml', 'xml.dom', 'PIL', 'pygments.filters', 
'pythonnet', 'clr_loader', 'clr_loader.ffi', 'cffi', 'pycparser', 
'pycparser.ply', 'clr_loader.util', 'colorama', 
'prompt_toolkit.clipboard', 'prompt_toolkit.application', 
'prompt_toolkit.input', 'wcwidth', 'prompt_toolkit.layout', 
'prompt_toolkit.completion', 'prompt_toolkit.eventloop', 
'prompt_toolkit.widgets', 'prompt_toolkit.lexers', 
'prompt_toolkit.key_binding.bindings', 'prompt_toolkit.key_binding', 
'prompt_toolkit', 'IPython.terminal.shortcuts', 'IPython.lib', 
'IPython.testing', 'prompt_toolkit.styles', 'prompt_toolkit.shortcuts', 
'prompt_toolkit.shortcuts.progress_bar', 'prompt_toolkit.output', 
'prompt_toolkit.formatted_text', 'prompt_toolkit.filters', 
'IPython.extensions', 'IPython.core.magics', 'curses', 'nbformat.v4', 
'nbformat.corpus', 'rpds', 'referencing', 'attrs', 'attr', 'jsonschema', 
'jsonschema_specifications', 'isoduration', 'isoduration.parser', 
'isoduration.operations', 'arrow', 'dateutil.parser', 'dateutil.tz', 
'dateutil.zoneinfo', 'dateutil', 'isoduration.formatter', 'uri_template', 
'webcolors', 'fqdn', 'fastjsonschema', 'nbformat.v3', 'nbformat', 
'nbformat.v2', 'nbformat.v1', 'sqlite3', 'executing', 'asttokens', 
'stack_data', 'pure_eval', 'jedi.api', 'jedi.inference.gradual', 
'jedi.plugins', 'jedi.inference.compiled', 'jedi.inference.value', 
'jedi.inference.compiled.subprocess', 'jedi.inference', 
'jedi.api.refactoring', 'parso.python', 'parso', 'parso.pgen2', 'jedi', 
'ipykernel', 'jupyter_client', 'jupyter_client.provisioning', 
'zmq.eventloop', 'zmq.utils', 'tornado', 'tornado.platform', 
'jupyter_core.utils', 'jupyter_core', 'zmq', 'zmq.backend.cython', 
'zmq.green', 'zmq.sugar', 'zmq.backend', 'jupyter_client.ssh', 
'jupyter_client.blocking', 'jupyter_client.asynchronous', 
'ipykernel.gui', 'tkinter', 'debugpy.common', 'debugpy.adapter', 
'debugpy', 'debugpy.server', 'debugpy._vendored', 'ipykernel.comm', 
'comm', 'matplotlib_inline', 'pyparsing', 'pyparsing.diagram', 'cycler', 
'kiwisolver', 'matplotlib.projections', 'mpl_toolkits.mplot3d', 
'matplotlib.tri', 'contourpy', 'matplotlib.axes', 'matplotlib._api', 
'matplotlib.backends', 'IPython.core', 'ipywidgets', 
'ipywidgets.widgets', 'ipykernel.pylab', 'setuptools_scm', 
'setuptools_scm._integration', 'rich', 'markdown_it', 
'markdown_it.rules_core', 'markdown_it.rules_inline', 'mdurl', 
'markdown_it.common', 'markdown_it.rules_block', 'markdown_it.presets', 
'markdown_it.helpers', 'pandas.core', 'pandas.core.tools', 
'pandas.tseries', 'pandas.core.dtypes', 'pandas.core.util', 
'pandas.io.formats', 'pandas.core.strings', 'pandas.core.arrays.arrow', 
'pandas.core.indexers', 'pandas.core.array_algos', 'pandas.core.ops', 
'pandas.core.computation', 'pandas.core.reshape', 'pandas.core.indexes', 
'pytz', 'pandas.arrays', 'pandas.api.types', 'pandas.api', 
'pandas.api.typing', 'pandas.io.parsers', 'pandas.api.interchange', 
'pandas.core.interchange', 'pandas.api.indexers', 
'pandas.api.extensions', 'pandas.io.clipboard', 'pandas.io.json', 
'pandas.io', 'pandas.io.excel', 'pandas.util.version', 'pandas.util', 
'pandas.core._numba', 'pandas._libs.window', 'pandas.core.methods', 
'pandas.core.internals', 'pandas.core.arrays', 
'pandas.core.arrays.sparse', 'scipy.sparse', 'scipy._lib', 
'scipy._lib.array_api_compat', 'scipy._lib.array_api_compat.common', 
'scipy._lib.array_api_compat.dask.array', 
'scipy._lib.array_api_compat.dask', 'numpy.core', 
'scipy._lib.array_api_compat.torch', 'scipy._lib.array_api_compat.cupy', 
'scipy._lib.array_api_compat.numpy', 'scipy._lib.array_api_extra', 
'scipy.sparse.csgraph', 'scipy.sparse.linalg', 'scipy.linalg', 
'numpy.random', 'scipy.special', 'scipy.integrate', 
'scipy.integrate._rules', 'scipy.integrate._ivp', 'scipy.optimize', 
'scipy.optimize._highspy', 'scipy.stats', 'scipy.ndimage', 
'scipy.interpolate', 'scipy.fft', 'scipy.fft._pocketfft', 
'scipy._lib._uarray', 'scipy.stats._rcont', 'scipy.stats._levy_stable', 
'numpy.polynomial', 'scipy.optimize._shgo_lib', 'scipy.spatial', 
'scipy.spatial.transform', 'scipy.constants', 'scipy.optimize._lsq', 
'scipy._lib.cobyqa', 'scipy._lib.cobyqa.utils', 
'scipy._lib.cobyqa.subsolvers', 'scipy.optimize._trustregion_constr', 
'scipy.optimize._trlib', 'scipy.sparse.linalg._eigen', 
'scipy.sparse.linalg._eigen.lobpcg', 'scipy.sparse.linalg._eigen.arpack', 
'scipy.sparse.linalg._dsolve', 'scipy.sparse.linalg._isolve', 'scipy', 
'numpy.f2py._backends', 'numpy.f2py', 'numpy.fft', 'yaml', 
'pandas.errors', 'pandas.compat', 'pandas._libs.tslibs', 
'pandas._config', 'pandas.compat.numpy', 'pandas._libs', 
'pandas.core.groupby', 'pandas.core._numba.kernels', 'pandas.plotting', 
'pandas.plotting._matplotlib', 'pandas.core.window', 'lxml', 
'lxml.isoschematron', 'lxml.includes.libxslt', 'lxml.includes.libxml', 
'lxml.includes.libexslt', 'lxml.includes.extlibs', 'lxml.includes', 
'bs4', 'soupsieve', 'bs4.builder', 'lxml.html', 'absl.flags', 'absl', 
'absl.logging', 'tensorboard.compat.tensorflow_stub.compat', 
'tensorboard.compat.tensorflow_stub.compat.v1', 'tensorboard.summary', 
'tensorboard.plugins.scalar', 'tensorboard.util', 'tensorboard.plugins', 
'tensorboard.plugins.projector', 'tensorboard.plugins.text', 
'tensorboard.plugins.image', 'tensorboard.plugins.histogram', 
'tensorboard.plugins.audio', 'tensorboard.plugins.pr_curve', 
'tensorboard.plugins.custom_scalar', 'tensorboard.plugins.mesh', 
'tensorboard.plugins.hparams', 'onnx', 'ml_dtypes', 'onnx.defs', 
'torch._vendor.packaging', 'torch._vendor', 'tensorboard', 
'torch._strobelight', 'torch._inductor.runtime', 'filelock', 
'torch._inductor.codegen.rocm', 'torch._inductor.codegen.cutedsl', 
'torch.utils._sympy', 'sympy.solvers', 'sympy.multipledispatch', 
'sympy.matrices.expressions', 'sympy.functions.special', 
'sympy.external', 'sympy.logic.algorithms', 'sympy.logic', 
'sympy.assumptions.relation', 'sympy.assumptions.predicates', 
'sympy.assumptions.handlers', 'sympy.ntheory', 'sympy.parsing', 
'sympy.utilities', 'sympy.sets.handlers', 'sympy.sets', 
'sympy.polys.matrices', 'sympy.combinatorics', 'sympy.tensor.array', 
'sympy.tensor.array.expressions', 'sympy.categories', 
'sympy.physics.control', 'sympy.strategies.branch', 'sympy.strategies', 
'sympy.plotting', 'sympy.plotting.pygletplot', 
'sympy.plotting.backends.textbackend', 'sympy.plotting.backends', 
'sympy.plotting.backends.matplotlibbackend', 
'sympy.plotting.intervalmath', 'sympy.concrete', 'sympy.calculus', 
'sympy.physics', 'sympy.physics.units', 'sympy.physics.units.systems', 
'sympy.physics.units.definitions', 'sympy.vector', 'sympy.tensor', 
'sympy.printing', 'sympy.utilities.mathml', 'sympy.codegen', 
'sympy.printing.pretty', 'sympy.polys.agca', 'sympy.polys.numberfields', 
'mpmath', 'mpmath.tests', 'mpmath.matrices', 'mpmath.calculus', 
'mpmath.functions', 'sympy.functions.combinatorial', 
'sympy.polys.domains', 'sympy.assumptions', 'sympy.discrete', 
'sympy.testing', 'sympy.interactive', 'sympy.solvers.ode', 
'sympy.solvers.diophantine', 'sympy.series', 'sympy.simplify', 
'sympy.geometry', 'sympy.polys', 'sympy.matrices', 'sympy.functions', 
'sympy.integrals', 'sympy.functions.elementary', 'sympy.core', 
'mpmath.libmp', 'torch._functorch._aot_autograd', 'torch._functorch', 
'torch._higher_order_ops', 'functorch.experimental', 'torch._decomp', 
'torch._refs', 'torch._refs.special', 'torch._refs.nn.functional', 
'torch._refs.nn', 'torch._refs.linalg', 'torch._prims', 
'torch.nn.attention', 'torch.backends.cuda', 'torch.backends', 
'torch.backends.quantized', 'torch.backends.openmp', 
'torch.backends.nnpack', 'torch.backends.mps', 'torch.backends.mkldnn', 
'torch.backends.mkl', 'torch.backends.miopen', 'torch.backends.mha', 
'torch.backends.kleidiai', 'torch.backends.cusparselt', 
'torch.backends.opt_einsum', 'opt_einsum', 'opt_einsum.backends', 
'torch.backends.cpu', 'torch.nested._internal', 'torch.nested', 
'torch.multiprocessing', 'torch.numa', 'torch.testing._internal.optests', 
'torch._subclasses', 'functorch.compile', 'torch._inductor.kernel', 
'torch.utils.hipify', 
'torch._inductor.codegen.cuda.cutlass_lib_extensions', 
'torch._inductor.autoheuristic', 'torch._inductor.kernel.flex', 
'torch.distributed._symmetric_memory', 'torch.autograd', 'torch.futures', 
'torch.cuda', 'torch.cuda.amp', 'torch.amp', 'torch.utils.serialization', 
'torch.sparse', 'torch.profiler', 'torch.optim', 
'torch.ao.quantization.fx', 'torch.ao.nn.intrinsic', 'torch.ao.nn', 
'torch.ao.nn.sparse', 'torch.ao.nn.sparse.quantized', 
'torch.ao.nn.sparse.quantized.dynamic', 'torch.ao.nn.quantized.modules', 
'torch.nn.utils', 'torch.nn.modules', 'torch.ao.nn.intrinsic.qat', 
'torch.ao.nn.intrinsic.qat.modules', 'torch.ao.nn.quantized', 
'torch.ao.nn.quantizable', 'torch.ao.nn.quantizable.modules', 
'torch.ao.nn.qat', 'torch.ao.nn.qat.modules', 'torch.ao', 
'torch.ao.pruning', 'torch.ao.pruning.sparsifier', 
'torch.ao.pruning.scheduler', 'torch.ao.ns', 
'torch.ao.nn.intrinsic.modules', 'torch.ao.ns.fx', 
'torch.ao.nn.quantized.reference', 
'torch.ao.nn.quantized.reference.modules', 
'torch.ao.nn.quantized.dynamic', 'torch.ao.nn.quantized.dynamic.modules', 
'torch.ao.nn.qat.dynamic', 'torch.ao.nn.qat.dynamic.modules', 
'torch.ao.nn.intrinsic.quantized.dynamic', 
'torch.ao.nn.intrinsic.quantized.dynamic.modules', 
'torch.ao.nn.intrinsic.quantized', 
'torch.ao.nn.intrinsic.quantized.modules', 
'torch.ao.quantization.quantizer', 
'torch.ao.quantization.backend_config', 'torch.ao.quantization', 
'torch.ao.quantization.pt2e', 'torch.fx.passes.utils', 'networkx', 
'networkx.drawing', 'networkx.linalg', 'networkx.algorithms', 
'networkx.algorithms.tree', 'networkx.algorithms.isomorphism', 
'networkx.algorithms.flow', 'networkx.algorithms.community', 
'networkx.algorithms.connectivity', 'networkx.algorithms.bipartite', 
'networkx.algorithms.approximation', 'networkx.algorithms.traversal', 
'networkx.algorithms.shortest_paths', 'networkx.algorithms.operators', 
'networkx.algorithms.minors', 'networkx.algorithms.link_analysis', 
'networkx.algorithms.coloring', 'networkx.algorithms.components', 
'networkx.algorithms.centrality', 'networkx.algorithms.assortativity', 
'networkx.readwrite', 'networkx.readwrite.json_graph', 
'networkx.generators', 'networkx.classes', 'networkx.utils', 
'torch.package', 'torch.package.analyze', 'torch._inductor.fx_passes', 
'torch.func', 'torch.distributed.fsdp._fully_shard', 
'torch.distributed._shard.sharding_spec', 'torch.distributed.rpc', 
'torch.distributed._shard', 'torch.distributed._shard.sharding_plan', 
'torch.distributed._shard.sharded_tensor', 
'torch.distributed._shard.sharded_tensor._ops', 
'torch.distributed._shard.sharding_spec.chunk_sharding_spec_ops', 
'torch.distributed.nn', 'torch.distributed.nn.api', 
'torch.distributed.nn.jit.templates', 'torch.distributed.nn.jit', 
'torch.distributed.algorithms._checkpoint', 
'torch.distributed.algorithms', 'torch.nn.parallel', 
'torch.distributed.algorithms._optimizer_overlap', 
'torch.distributed.optim', 
'torch.distributed.algorithms.model_averaging', 
'torch.distributed.algorithms.ddp_comm_hooks', 
'torch.distributed.tensor.parallel', 'torch.distributed.checkpoint', 
'torch.distributed.elastic.utils', 'torch.distributed.elastic', 
'torch.distributed.elastic.agent.server', 
'torch.distributed.elastic.timer', 'torch.distributed.elastic.agent', 
'torch.distributed.elastic.multiprocessing', 
'torch.distributed.elastic.multiprocessing.subprocess_handler', 
'torch.distributed.elastic.multiprocessing.errors', 
'torch.distributed.elastic.metrics', 'torch.distributed.elastic.events', 
'torch.distributed.elastic.rendezvous', 'torch._export', 
'torch._custom_op', 'torch.distributed.tensor._ops', 
'torch.distributed._composable', 'torch.distributed.fsdp', 
'torch.distributed.algorithms._comm_hooks', 'torch.distributed.tensor', 
'torch._functorch._activation_checkpointing', 'torch.fx.passes', 
'torch._library', 'functorch', 'torch._export.passes', 
'torch._export.pass_infra', 'torch._numpy', 'torch.xpu', 'torch.mps', 
'torch.nn.utils._expanded_weights', 'torch._export.db', 
'torch._export.db.examples', 'torch._inductor.package', 
'torch.export.pt2_archive', 'torch._export.serde', 
'torch.fx.passes.infra', 'torch.export', 'torch._dynamo.backends', 
'torch._inductor.codegen', 'torch._dynamo.repro', 
'torch._inductor.compile_worker', 'torchgen.aoti', 
'torch._inductor.template_heuristics', 'torch.compiler', 
'torch._inductor.codegen.cuda', 'torch._inductor.codegen.xpu', 
'torch._inductor.codegen.mtia', 'torch._prims_common', 
'torchvision.transforms.v2.functional', 'torchvision.tv_tensors', 
'torchvision.io', 'torchvision.transforms.v2', 'torchvision.transforms', 
'torchvision', 'torchvision.models', 'torchvision.models.video', 
'torchvision.models.segmentation', 'torchvision.models.quantization', 
'torchvision.models.optical_flow', 'torchvision.models.detection', 
'torch.onnx', 'torch.onnx._internal.exporter._torchlib.ops', 
'onnxscript.onnx_opset', 'onnx.reference', 'onnx.reference.ops.aionnxml', 
'onnx.reference.ops.experimental', 
'onnx.reference.ops.aionnx_preview_training', 'onnx.reference.ops', 
'onnx.reference.ops_optimized', 'onnxscript.ir', 'onnx_ir._convenience', 
'onnx_ir', 'onnx_ir.passes', 'onnxscript._internal', 'onnxscript', 
'onnxscript.version_converter', 'onnx_ir.passes.common', 
'onnxscript.optimizer', 'onnxscript.utils', 'onnxscript.rewriter', 
'onnxscript.rewriter.rules.common', 'onnxscript.rewriter.rules', 
'onnxscript.backend', 'torch.onnx._internal.exporter._torchlib', 
'onnxscript.function_libs.torch_lib', 
'onnxscript.function_libs.torch_lib.ops', 
'torch.onnx._internal.fx.passes', 'torch.onnx._internal.fx', 
'torch.onnx._internal', 'onnxscript._framework_apis', 
'onnxscript.rewriter.onnx_fusions', 'onnxscript.rewriter.rules.fusion', 
'torch.onnx._internal.exporter', 
'torch.onnx._internal.torchscript_exporter', 'torch.onnx.ops', 
'torchvision.datasets', 'scipy.io', 'scipy.io.arff', 
'scipy.io._harwell_boeing', 'scipy.io._fast_matrix_market', 
'scipy.io.matlab', 'h5py', 'h5py.tests', 'h5py._hl', 'torchvision.ops', 
'torch._inductor.analysis', 'torch._inductor', 'torch.nn', 
'torch.fx.experimental', 'torch._logging', 'torch._dispatch', 'torch.fx', 
'torchgen.api.types', 'torchgen.api', 'torchgen', 'sympy', 
'sympy.algebras', 'torch.utils.data.datapipes', 
'torch.utils.data.datapipes.map', 'torch.utils.data.datapipes.iter', 
'torch.utils.data.datapipes.utils', 'torch.utils.data._utils', 
'torch.utils.data.datapipes.dataframe', 'torch.backends.xnnpack', 
'win32com.shell', 'win32com', 'win32com.client', 'pywin.mfc', 
'pywin.dialogs', 'pywin', 'win32com.server', 'optree', 
'optree.integration', 'optree.integrations', 'torch.utils.backcompat', 
'torch._awaits', 'torch.distributed.autograd', 'torch.backends.cudnn', 
'torch._dynamo.polyfills', 'torch._dynamo.variables', 'torch', 
'torch.utils.viz', 'torch.utils.model_dump', 'torch.utils.jit', 
'torchgen.selective_build', 'torchgen.dest', 'torch.utils.bottleneck', 
'torch.utils.benchmark.utils.valgrind_wrapper', 
'torch.utils.benchmark.utils', 'torch.utils.benchmark.op_fuzzers', 
'torch.utils.benchmark.examples', 'torch.utils.benchmark', 
'torch.utils._strobelight', 'torch.testing._internal.test_module', 
'torch.testing._internal.opinfo', 
'torch.testing._internal.opinfo.definitions', 'scipy.signal', 
'scipy.signal.windows', 'torch.testing._internal.generated', 
'torch.testing._internal.distributed.rpc.jit', 
'torch.testing._internal.distributed.rpc.examples', 
'torch.testing._internal.distributed.rpc', 
'torch.testing._internal.distributed.nn.api', 
'torch.testing._internal.distributed.nn', 
'torch.testing._internal.distributed._tensor', 
'torch.testing._internal.distributed._shard', 
'torch.testing._internal.data', 'torch.testing._internal.codegen', 
'torch.quantization.fx', 'torch.optim._multi_tensor', 
'torch.nn.quantized.modules', 'torch.nn.quantized.dynamic.modules', 
'torch.nn.quantized.dynamic', 'torch.nn.quantized._reference.modules', 
'torch.nn.quantized._reference', 'torch.nn.quantizable.modules', 
'torch.nn.qat.modules', 'torch.nn.qat.dynamic.modules', 
'torch.nn.qat.dynamic', 'torch.nn.intrinsic.quantized.modules', 
'torch.nn.intrinsic.quantized.dynamic.modules', 
'torch.nn.intrinsic.quantized.dynamic', 'torch.nn.intrinsic.quantized', 
'torch.nn.intrinsic.qat.modules', 'torch.nn.intrinsic.qat', 
'torch.nn.intrinsic.modules', 'torch.nn.backends', 
'torch.nn.attention.experimental', 'torch.masked.maskedtensor', 
'torch.jit.mobile', 'torch.jit._passes', 'torch.fx.passes.tests', 
'torch.fx.passes.dialect.common', 'torch.fx.passes.dialect', 
'torch.fx.passes.backends', 
'torch.fx.experimental.unification.multipledispatch', 
'torch.fx.experimental.unification', 
'torch.fx.experimental.migrate_gradual_types', 'torch.export.passes', 
'torch.export.experimental', 'torch.distributed.tensor.experimental', 
'torch.distributed.tensor.debug', 'torch.distributed.rpc._testing', 
'torch.distributed.pipelining', 'torch.distributed.launcher', 
'torch.distributed.elastic.utils.data', 
'torch.distributed.checkpoint._experimental', 
'torch.distributed.algorithms._quantization', 'torch.distributed._tools', 
'torch.distributed._tensor', 'torch.distributed._sharding_spec', 
'torch.distributed._sharded_tensor', 
'torch.distributed._shard.sharded_optim', 
'torch.distributed._shard.checkpoint', 
'torch.distributed._composable.fsdp', 'torch.cpu.amp', 'torch.contrib', 
'torch.backends.xeon', 'torch.backends._nnapi', 'torch.backends._coreml', 
'torch.autograd._functions', 'torch.ao.quantization.pt2e.representation', 
'torch.ao.quantization.fx._model_report', 
'torch.ao.pruning._experimental.pruner', 
'torch.ao.pruning._experimental.data_sparsifier.lightning.callbacks', 
'torch.ao.pruning._experimental.data_sparsifier.lightning', 
'torch.ao.pruning._experimental.data_sparsifier', 
'torch.ao.pruning._experimental.data_scheduler', 
'torch.ao.pruning._experimental.activation_sparsifier', 
'torch.ao.pruning._experimental', 'torch._numpy.testing', 'torch._lazy', 
'torch._inductor.fx_passes.serialized_patterns', 'torch._inductor.codegen.
cuda.cutlass_lib_extensions.cutlass_mock_imports.scipy', 'torch._inductor.
codegen.cuda.cutlass_lib_extensions.cutlass_mock_imports.pydot', 'torch._i
nductor.codegen.cuda.cutlass_lib_extensions.cutlass_mock_imports.cuda', 't
orch._inductor.codegen.cuda.cutlass_lib_extensions.cutlass_mock_imports', 
'torch._inductor.autoheuristic.artifacts', 'torch.masked', 
'torch.quantization', 'torch.nn.quantized', 'torch.nn.quantizable', 
'torch.nn.qat', 'torch.nn.intrinsic', 'torch.signal.windows', 
'torch.signal', 'torch.special', 'torch.mtia', 'torch.linalg', 
'torch.fft', 'torch.distributions', 'torch.cpu', 'torch.accelerator', 
'keras.src.backend.common', 'keras.src.random', 
'keras.src.layers.preprocessing.image_preprocessing.bounding_boxes', 
'keras.src.utils', 'keras.src.trainers', 'keras.src.backend.torch', 
'keras.src.trainers.data_adapters', 'keras.src.backend.tensorflow', 
'keras.src.testing', 'absl.testing', 'keras.src.backend.jax', 
'keras.src.distribution', 'keras.src.metrics', 'keras.src.losses', 
'huggingface_hub', 'huggingface_hub.utils', 'pydantic', 'toml', 
'pydantic.v1', 'pydantic.plugin', 'annotated_types', 
'pydantic.experimental', 'pydantic.deprecated', 'zoneinfo', 'tzdata', 
'tzdata.zoneinfo.US', 'tzdata.zoneinfo.Pacific', 
'tzdata.zoneinfo.Mexico', 'tzdata.zoneinfo.Indian', 
'tzdata.zoneinfo.Europe', 'tzdata.zoneinfo.Etc', 'tzdata.zoneinfo.Chile', 
'tzdata.zoneinfo.Canada', 'tzdata.zoneinfo.Brazil', 
'tzdata.zoneinfo.Australia', 'tzdata.zoneinfo.Atlantic', 
'tzdata.zoneinfo.Asia', 'tzdata.zoneinfo.Arctic', 
'tzdata.zoneinfo.Antarctica', 'tzdata.zoneinfo.America.North_Dakota', 
'tzdata.zoneinfo.America.Kentucky', 'tzdata.zoneinfo.America.Indiana', 
'tzdata.zoneinfo.America.Argentina', 'tzdata.zoneinfo.America', 
'tzdata.zoneinfo.Africa', 'tzdata.zoneinfo', 'pydantic._internal', 
'pydantic_core', 'huggingface_hub.commands', 
'huggingface_hub.serialization', 'tqdm.contrib', 
'huggingface_hub.inference._mcp', 'huggingface_hub.inference', 
'huggingface_hub.inference._providers', 
'huggingface_hub.inference._generated.types', 
'huggingface_hub.inference._generated', 'orjson', 'starlette', 
'multipart', 'python_multipart', 'starlette.middleware', 'anyio.abc', 
'anyio._core', 'sniffio', 'anyio.streams', 'anyio', 'anyio._backends', 
'fastapi', 'fastapi.openapi', 'fastapi.dependencies', 'fastapi.security', 
'gradio', 'gradio.cli', 'gradio.cli.commands', 'typer', 'click', 
'shellingham', 'gradio_client', 'websockets', 'werkzeug.routing', 
'werkzeug', 'werkzeug.wrappers', 'werkzeug.sansio', 
'werkzeug.datastructures', 'werkzeug.debug', 'werkzeug.middleware', 
'websockets.sync', 'websockets.legacy', 'websockets.asyncio', 
'websockets.extensions', 'httpx', 'httpcore', 'httpcore._backends', 
'httpcore._sync', 'h11', 'httpcore._async', 'httpx._transports', 
'tomlkit', 'semantic_version', 'gradio.cli.commands.components', 
'gradio_client.cli', 'pydub', 'uvicorn.middleware', 'uvicorn', 
'uvicorn.supervisors', 'uvicorn.protocols.websockets', 
'uvicorn.protocols.http', 'uvicorn.protocols', 'uvicorn.loops', 
'uvicorn.lifespan', 'groovy', 'gradio.layouts', 'gradio.components', 
'ffmpy', 'gradio.sketch', 'gradio._simple_templates', 'gradio.themes', 
'gradio.themes.utils', 'safehttpx', 'aiofiles', 'aiofiles.tempfile', 
'aiofiles.threadpool', 'keras.src.saving', 'keras.src.legacy.saving', 
'keras.src.legacy', 'keras.src.optimizers', 
'keras.src.optimizers.schedules', 'keras.src.models', 'keras.src.layers', 
'keras.src.layers.rnn', 'keras.src.layers.reshaping', 
'keras.src.layers.regularization', 'keras.src.layers.pooling', 
'keras.src.layers.normalization', 'keras.src.layers.merging', 
'keras.src.layers.core', 'keras.src.layers.convolutional', 
'keras.src.layers.attention', 'keras.src.layers.activations', 
'keras.src.datasets', 'keras.src.applications', 'keras.src.activations', 
'keras.src.ops', 'keras.src.dtype_policies', 'keras.src.initializers', 
'keras.src.quantizers', 'keras.src.callbacks', 'keras.src.regularizers', 
'keras.src.constraints', 'keras.src.tree', 'namex', 
'keras.src.backend.torch.optimizers', 'keras.src.export', 
'keras.src.backend.openvino', 'keras.src.backend.numpy', 
'keras.src.backend', 'keras.saving', 'keras.preprocessing', 
'keras.preprocessing.sequence', 'keras.preprocessing.image', 
'keras.metrics', 'keras.losses', 'keras.layers', 'keras.backend', 
'keras._tf_keras', 'keras._tf_keras.keras', 'keras.wrappers', 
'keras.src.wrappers', 'sklearn.externals._scipy.sparse.csgraph', 
'sklearn.externals._scipy.sparse', 'sklearn.externals._scipy', 
'sklearn.externals', 'sklearn.externals.array_api_extra', 
'sklearn.externals.array_api_extra._lib', 
'sklearn.externals.array_api_extra._lib._utils', 
'sklearn.externals.array_api_compat', 
'sklearn.externals.array_api_compat.common', 
'sklearn.externals.array_api_compat.dask.array', 
'sklearn.externals.array_api_compat.dask', 
'sklearn.externals.array_api_compat.torch', 
'sklearn.externals.array_api_compat.cupy', 
'sklearn.externals.array_api_compat.numpy', 
'sklearn.externals._packaging', 'sklearn.utils', 'sklearn.metrics', 
'sklearn.metrics._pairwise_distances_reduction', 
'sklearn.gaussian_process', 'sklearn.preprocessing', 
'sklearn.model_selection', 'sklearn.cluster', 'sklearn.neighbors', 
'sklearn.tree', 'sklearn.linear_model', 'sklearn._loss', 'sklearn.svm', 
'sklearn.linear_model._glm', 'sklearn.covariance', 
'sklearn.decomposition', 'sklearn.manifold', 'sklearn.cluster._hdbscan', 
'scipy.cluster', 'sklearn.metrics._plot', 'sklearn.metrics.cluster', 
'sklearn.utils._repr_html', 'joblib', 'joblib.externals.loky', 
'joblib.externals.loky.backend', 'joblib.externals.cloudpickle', 
'joblib.externals', 'sklearn', 'sklearn.__check_build', 
'keras.visualization', 'keras.utils', 'keras.utils.legacy', 
'keras.utils.bounding_boxes', 'keras.tree', 'keras.regularizers', 
'keras.random', 'keras.quantizers', 'keras.optimizers', 
'keras.optimizers.schedules', 'keras.optimizers.legacy', 'keras.ops', 
'keras.ops.numpy', 'keras.ops.nn', 'keras.ops.linalg', 'keras.ops.image', 
'keras.models', 'keras.mixed_precision', 'keras.legacy', 
'keras.legacy.saving', 'keras.initializers', 'keras.export', 
'keras.dtype_policies', 'keras.distribution', 'keras.datasets', 
'keras.datasets.reuters', 'keras.datasets.mnist', 'keras.datasets.imdb', 
'keras.datasets.fashion_mnist', 'keras.datasets.cifar100', 
'keras.datasets.cifar10', 'keras.datasets.california_housing', 
'keras.datasets.boston_housing', 'keras.constraints', 'keras.config', 
'keras.callbacks', 'keras.applications', 'keras.applications.xception', 
'keras.applications.vgg19', 'keras.applications.vgg16', 
'keras.applications.resnet_v2', 'keras.applications.resnet50', 
'keras.applications.resnet', 'keras.applications.nasnet', 
'keras.applications.mobilenet_v3', 'keras.applications.mobilenet_v2', 
'keras.applications.mobilenet', 'keras.applications.inception_v3', 
'keras.applications.inception_resnet_v2', 
'keras.applications.imagenet_utils', 
'keras.applications.efficientnet_v2', 'keras.applications.efficientnet', 
'keras.applications.densenet', 'keras.applications.convnext', 
'keras.activations', 'tensorflow.python.util', 
'tensorflow.python.user_ops.ops', 'tensorflow.python.user_ops', 
'tensorflow.python.types', 'tensorflow.python.training.saving', 
'tensorflow.python.training.experimental', 'tensorflow.python.training', 
'tensorflow.python.trackable', 'tensorflow.python.tpu.ops', 
'tensorflow.python.tpu.client', 'tensorflow.python.tpu', 
'tensorflow.python.tools.api.generator2.shared', 
'tensorflow.python.tools.api.generator2.generator', 
'tensorflow.python.tools.api.generator2.extractor', 
'tensorflow.python.tools.api.generator2', 
'tensorflow.python.tools.api.generator', 'tensorflow.python.tools.api', 
'tensorflow.python.tools', 'tensorflow.python.summary.writer', 
'tensorflow.python.summary', 
'tensorflow.python.saved_model.registration', 
'tensorflow.python.saved_model.model_utils', 
'tensorflow.python.saved_model', 'tensorflow.python.profiler.internal', 
'tensorflow.python.profiler', 'tensorflow.python.platform', 
'tensorflow.python.ops.structured', 'tensorflow.python.ops.signal', 
'tensorflow.python.ops.ragged', 'tensorflow.python.ops.parallel_for', 
'tensorflow.python.ops.numpy_ops', 'tensorflow.python.ops.losses', 
'tensorflow.python.ops.linalg.sparse', 'tensorflow.python.ops.linalg', 
'tensorflow.python.ops.distributions', 'tensorflow.python.ops', 
'tensorflow.python.module', 'tensorflow.python.lib.io', 
'tensorflow.python.lib', 'tensorflow.python.layers', 
'tensorflow.python.kernel_tests.sparse_ops', 
'tensorflow.python.kernel_tests.signal', 
'tensorflow.python.kernel_tests.random', 
'tensorflow.python.kernel_tests.nn_ops', 
'tensorflow.python.kernel_tests', 'tensorflow.python.keras.utils', 
'tensorflow.python.keras.saving.utils_v1', 
'tensorflow.python.keras.saving.saved_model', 
'tensorflow.python.keras.saving', 'tensorflow.python.keras.protobuf', 
'tensorflow.python.keras.optimizer_v2', 
'tensorflow.python.keras.mixed_precision', 
'tensorflow.python.keras.legacy_tf_layers', 
'tensorflow.python.keras.layers.legacy_rnn', 
'tensorflow.python.keras.layers', 'tensorflow.python.keras.initializers', 
'tensorflow.python.keras.engine', 'tensorflow.python.keras.distribute', 
'tensorflow.python.keras', 'tensorflow.python.grappler', 
'tensorflow.python.framework', 'tensorflow.python.feature_column', 
'tensorflow.python.eager.polymorphic_function', 
'tensorflow.python.eager.memory_tests', 'tensorflow.python.eager', 
'tensorflow.python.dlpack', 'tensorflow.python.distribute.v1', 
'tensorflow.python.distribute.parallel_device', 
'tensorflow.python.distribute.failure_handling', 
'tensorflow.python.distribute.experimental.rpc', 
'tensorflow.python.distribute.experimental', 
'tensorflow.python.distribute.coordinator', 
'tensorflow.python.distribute.cluster_resolver.tpu', 
'tensorflow.python.distribute.cluster_resolver', 
'tensorflow.python.distribute', 'tensorflow.python.debug.wrappers', 
'grpc', 'grpc.aio', 'grpc.experimental', 'grpc._cython', 
'tensorflow.python.debug.lib', 'tensorflow.python.debug.cli', 
'tensorflow.python.debug', 'tensorflow.python.data.util', 
'tensorflow.python.data.ops', 'tensorflow.python.data.kernel_tests', 
'tensorflow.python.data.experimental.service', 
'tensorflow.python.data.experimental.ops', 
'tensorflow.python.data.experimental.kernel_tests.service', 
'tensorflow.python.data.experimental.kernel_tests', 
'tensorflow.python.data.experimental', 
'tensorflow.python.data.benchmarks', 'tensorflow.python.data', 
'tensorflow.python.compiler.xla.experimental', 
'tensorflow.python.compiler.xla', 
'tensorflow.python.compiler.tensorrt.test', 
'tensorflow.python.compiler.tensorrt', 'tensorflow.python.compiler.mlir', 
'tensorflow.python.compiler', 'tensorflow.python.compat', 
'tensorflow.python.client', 'tensorflow.python.checkpoint.sharding', 
'tensorflow.python.checkpoint', 'tensorflow.python.autograph.utils', 
'gast', 'tensorflow.python.autograph.pyct.testing', 
'tensorflow.python.autograph.pyct.static_analysis', 'termcolor', 
'astunparse', 'tensorflow.python.autograph.pyct.common_transformers', 
'tensorflow.python.autograph.pyct', 
'tensorflow.python.autograph.operators', 
'tensorflow.python.autograph.lang', 'tensorflow.python.autograph.impl', 
'tensorflow.python.autograph.core', 
'tensorflow.python.autograph.converters', 'tensorflow.python.autograph', 
'tensorflow.python', 'tensorflow.lite.tools.optimize.sparsity', 
'tensorflow.lite.tools.optimize.python', 
'tensorflow.lite.tools.optimize.debugging.python', 
'tensorflow.lite.tools.optimize.debugging', 
'tensorflow.lite.tools.optimize', 'flatbuffers', 'tensorflow.lite.tools', 
'tensorflow.lite.toco.logging', 'tensorflow.lite.toco', 
'tensorflow.lite.testing', 'tensorflow.lite.python.optimize', 
'tensorflow.lite.python.metrics.wrapper', 
'tensorflow.lite.python.metrics', 'tensorflow.lite.python.authoring', 
'tensorflow.lite.python', 'tensorflow.lite.profiling.proto', 
'tensorflow.lite.profiling', 
'tensorflow.lite.experimental.microfrontend.python.ops', 
'tensorflow.lite.experimental.microfrontend.python', 
'tensorflow.lite.experimental.microfrontend.ops', 
'tensorflow.lite.experimental.microfrontend', 
'tensorflow.lite.experimental.genai', 'tensorflow.lite.experimental', 
'tensorflow.lite', 'keras._tf_keras.keras.wrappers', 
'keras._tf_keras.keras.visualization', 
'keras._tf_keras.keras.utils.legacy', 
'keras._tf_keras.keras.utils.bounding_boxes', 
'keras._tf_keras.keras.utils', 'keras._tf_keras.keras.tree', 
'keras._tf_keras.keras.saving', 'keras._tf_keras.keras.regularizers', 
'keras._tf_keras.keras.random', 'keras._tf_keras.keras.quantizers', 
'keras._tf_keras.keras.preprocessing.text', 
'keras.src.legacy.preprocessing', 
'keras._tf_keras.keras.preprocessing.sequence', 
'keras._tf_keras.keras.preprocessing.image', 
'keras._tf_keras.keras.preprocessing', 
'keras._tf_keras.keras.optimizers.schedules', 
'keras._tf_keras.keras.optimizers.legacy', 
'keras._tf_keras.keras.optimizers', 'keras._tf_keras.keras.ops.numpy', 
'keras._tf_keras.keras.ops.nn', 'keras._tf_keras.keras.ops.linalg', 
'keras._tf_keras.keras.ops.image', 'keras._tf_keras.keras.ops', 
'keras._tf_keras.keras.models', 'keras._tf_keras.keras.mixed_precision', 
'keras._tf_keras.keras.metrics', 'keras._tf_keras.keras.losses', 
'keras._tf_keras.keras.legacy.saving', 'keras._tf_keras.keras.legacy', 
'keras._tf_keras.keras.layers', 'keras._tf_keras.keras.initializers', 
'keras._tf_keras.keras.export', 'keras._tf_keras.keras.dtype_policies', 
'keras._tf_keras.keras.distribution', 
'keras._tf_keras.keras.datasets.reuters', 
'keras._tf_keras.keras.datasets.mnist', 
'keras._tf_keras.keras.datasets.imdb', 
'keras._tf_keras.keras.datasets.fashion_mnist', 
'keras._tf_keras.keras.datasets.cifar100', 
'keras._tf_keras.keras.datasets.cifar10', 
'keras._tf_keras.keras.datasets.california_housing', 
'keras._tf_keras.keras.datasets.boston_housing', 
'keras._tf_keras.keras.datasets', 'keras._tf_keras.keras.constraints', 
'keras._tf_keras.keras.config', 'keras._tf_keras.keras.callbacks', 
'keras._tf_keras.keras.backend', 
'keras._tf_keras.keras.applications.xception', 
'keras._tf_keras.keras.applications.vgg19', 
'keras._tf_keras.keras.applications.vgg16', 
'keras._tf_keras.keras.applications.resnet_v2', 
'keras._tf_keras.keras.applications.resnet50', 
'keras._tf_keras.keras.applications.resnet', 
'keras._tf_keras.keras.applications.nasnet', 
'keras._tf_keras.keras.applications.mobilenet_v3', 
'keras._tf_keras.keras.applications.mobilenet_v2', 
'keras._tf_keras.keras.applications.mobilenet', 
'keras._tf_keras.keras.applications.inception_v3', 
'keras._tf_keras.keras.applications.inception_resnet_v2', 
'keras._tf_keras.keras.applications.imagenet_utils', 
'keras._tf_keras.keras.applications.efficientnet_v2', 
'keras._tf_keras.keras.applications.efficientnet', 
'keras._tf_keras.keras.applications.densenet', 
'keras._tf_keras.keras.applications.convnext', 
'keras._tf_keras.keras.applications', 
'keras._tf_keras.keras.activations', 'tensorflow.dtensor.python.tests', 
'tensorflow.dtensor.python', 'tensorflow.dtensor.proto', 
'tensorflow.dtensor', 'tensorflow.distribute.experimental.rpc.proto', 
'tensorflow.distribute.experimental.rpc.kernels', 
'tensorflow.distribute.experimental.rpc', 
'tensorflow.distribute.experimental', 'tensorflow.distribute', 
'tensorflow.core.util.quantization', 'tensorflow.core.util', 
'tensorflow.core.tpu.kernels', 'tensorflow.core.tpu', 
'tensorflow.core.protobuf.tpu', 'tensorflow.core.protobuf', 
'tensorflow.core.profiler', 'tensorflow.core.lib.core', 
'tensorflow.core.lib', 'tensorflow.core.grappler.costs', 
'tensorflow.core.grappler', 'tensorflow.core.function.trace_type', 
'tensorflow.core.function.polymorphism', 
'tensorflow.core.function.capture', 'tensorflow.core.function', 
'tensorflow.core.framework', 'tensorflow.core.example', 
'tensorflow.core.distributed_runtime.preemption', 
'tensorflow.core.distributed_runtime', 'tensorflow.core.debug', 
'tensorflow.core.config', 'tensorflow.core', 
'tensorflow.compiler.xla.tsl.protobuf', 'tensorflow.compiler.xla.tsl', 
'tensorflow.compiler.xla.service', 'tensorflow.compiler.xla', 
'tensorflow.compiler.tf2xla.python', 'tensorflow.compiler.tf2xla.ops', 
'tensorflow.compiler.tf2xla', 'tensorflow.compiler.tf2tensorrt.ops', 
'tensorflow.compiler.tf2tensorrt', 'tensorflow.compiler.mlir.tensorflow', 
'tensorflow.compiler.mlir.stablehlo', 
'tensorflow.compiler.mlir.quantization.tensorflow.python', 
'tensorflow.compiler.mlir.quantization.tensorflow.calibrator', 
'tensorflow.compiler.mlir.quantization.tensorflow', 
'tensorflow.compiler.mlir.quantization.stablehlo', 
'tensorflow.compiler.mlir.quantization', 
'tensorflow.compiler.mlir.lite.python', 
'tensorflow.compiler.mlir.lite.metrics', 
'tensorflow.compiler.mlir.lite.debug', 'tensorflow.compiler.mlir.lite', 
'tensorflow.compiler.mlir', 'tensorflow.compiler.jit.ops', 
'tensorflow.compiler.jit', 'tensorflow.compiler', 
'tensorflow._api.v2.xla.experimental', 'tensorflow._api.v2.xla', 
'tensorflow._api.v2.version', 
'tensorflow._api.v2.types.experimental.distributed', 
'tensorflow._api.v2.types.experimental', 'tensorflow._api.v2.types', 
'tensorflow._api.v2.train.experimental', 'tensorflow._api.v2.train', 
'tensorflow._api.v2.tpu.experimental.embedding', 
'tensorflow._api.v2.tpu.experimental', 'tensorflow._api.v2.tpu', 
'tensorflow._api.v2.test.experimental', 'tensorflow._api.v2.test', 
'tensorflow._api.v2.sysconfig', 
'tensorflow._api.v2.summary.experimental', 'tensorflow._api.v2.summary', 
'tensorflow._api.v2.strings', 'tensorflow._api.v2.sparse', 
'tensorflow._api.v2.signal', 'tensorflow._api.v2.sets', 
'tensorflow._api.v2.saved_model.experimental', 
'tensorflow._api.v2.saved_model', 'tensorflow._api.v2.raw_ops', 
'tensorflow._api.v2.random.experimental', 'tensorflow._api.v2.random', 
'tensorflow._api.v2.ragged', 'tensorflow._api.v2.queue', 
'tensorflow._api.v2.quantization.experimental', 
'tensorflow._api.v2.quantization', 
'tensorflow._api.v2.profiler.experimental.server', 
'tensorflow._api.v2.profiler.experimental.client', 
'tensorflow._api.v2.profiler.experimental', 
'tensorflow._api.v2.profiler', 'tensorflow._api.v2.nn.experimental', 
'tensorflow._api.v2.nn', 'tensorflow._api.v2.nest', 
'tensorflow._api.v2.mlir.experimental', 'tensorflow._api.v2.mlir', 
'tensorflow._api.v2.math.special', 'tensorflow._api.v2.math', 
'tensorflow._api.v2.lookup.experimental', 'tensorflow._api.v2.lookup', 
'tensorflow._api.v2.lite.experimental.authoring', 
'tensorflow._api.v2.lite.experimental', 'tensorflow._api.v2.lite', 
'tensorflow._api.v2.linalg.experimental', 'tensorflow._api.v2.linalg', 
'tensorflow._api.v2.io.gfile', 'tensorflow._api.v2.io', 
'tensorflow._api.v2.image', 'tensorflow._api.v2.graph_util', 
'tensorflow._api.v2.feature_column', 
'tensorflow._api.v2.experimental.tensorrt', 
'tensorflow._api.v2.experimental.numpy.random', 
'tensorflow._api.v2.experimental.numpy', 
'tensorflow._api.v2.experimental.extension_type', 
'tensorflow._api.v2.experimental.dtensor', 
'tensorflow._api.v2.experimental.dlpack', 
'tensorflow._api.v2.experimental', 'tensorflow._api.v2.errors', 
'tensorflow._api.v2.dtypes.experimental', 'tensorflow._api.v2.dtypes', 
'tensorflow._api.v2.distribute.experimental.rpc', 
'tensorflow._api.v2.distribute.experimental.partitioners', 
'tensorflow._api.v2.distribute.experimental.coordinator', 
'tensorflow._api.v2.distribute.experimental', 
'tensorflow._api.v2.distribute.coordinator', 
'tensorflow._api.v2.distribute.cluster_resolver', 
'tensorflow._api.v2.distribute', 
'tensorflow._api.v2.debugging.experimental', 
'tensorflow._api.v2.debugging', 
'tensorflow._api.v2.data.experimental.service', 
'tensorflow._api.v2.data.experimental', 'tensorflow._api.v2.data', 
'tensorflow._api.v2.config.threading', 
'tensorflow._api.v2.config.optimizer', 
'tensorflow._api.v2.config.experimental', 'tensorflow._api.v2.config', 
'tensorflow._api.v2.compat.v2.xla.experimental', 
'tensorflow._api.v2.compat.v2.xla', 
'tensorflow._api.v2.compat.v2.version', 
'tensorflow._api.v2.compat.v2.types.experimental.distributed', 
'tensorflow._api.v2.compat.v2.types.experimental', 
'tensorflow._api.v2.compat.v2.types', 
'tensorflow._api.v2.compat.v2.train.experimental', 
'tensorflow._api.v2.compat.v2.train', 
'tensorflow._api.v2.compat.v2.tpu.experimental.embedding', 
'tensorflow._api.v2.compat.v2.tpu.experimental', 
'tensorflow._api.v2.compat.v2.tpu', 
'tensorflow._api.v2.compat.v2.test.experimental', 
'tensorflow._api.v2.compat.v2.test', 
'tensorflow._api.v2.compat.v2.sysconfig', 
'tensorflow._api.v2.compat.v2.summary.experimental', 
'tensorflow._api.v2.compat.v2.summary', 
'tensorflow._api.v2.compat.v2.strings', 
'tensorflow._api.v2.compat.v2.sparse', 
'tensorflow._api.v2.compat.v2.signal', 
'tensorflow._api.v2.compat.v2.sets', 
'tensorflow._api.v2.compat.v2.saved_model.experimental', 
'tensorflow._api.v2.compat.v2.saved_model', 
'tensorflow._api.v2.compat.v2.raw_ops', 
'tensorflow._api.v2.compat.v2.random.experimental', 
'tensorflow._api.v2.compat.v2.random', 
'tensorflow._api.v2.compat.v2.ragged', 
'tensorflow._api.v2.compat.v2.queue', 
'tensorflow._api.v2.compat.v2.quantization.experimental', 
'tensorflow._api.v2.compat.v2.quantization', 
'tensorflow._api.v2.compat.v2.profiler.experimental.server', 
'tensorflow._api.v2.compat.v2.profiler.experimental.client', 
'tensorflow._api.v2.compat.v2.profiler.experimental', 
'tensorflow._api.v2.compat.v2.profiler', 
'tensorflow._api.v2.compat.v2.nn.experimental', 
'tensorflow._api.v2.compat.v2.nn', 'tensorflow._api.v2.compat.v2.nest', 
'tensorflow._api.v2.compat.v2.mlir.experimental', 
'tensorflow._api.v2.compat.v2.mlir', 
'tensorflow._api.v2.compat.v2.math.special', 
'tensorflow._api.v2.compat.v2.math', 
'tensorflow._api.v2.compat.v2.lookup.experimental', 
'tensorflow._api.v2.compat.v2.lookup', 
'tensorflow._api.v2.compat.v2.lite.experimental.authoring', 
'tensorflow._api.v2.compat.v2.lite.experimental', 
'tensorflow._api.v2.compat.v2.lite', 
'tensorflow._api.v2.compat.v2.linalg.experimental', 
'tensorflow._api.v2.compat.v2.linalg', 
'tensorflow._api.v2.compat.v2.io.gfile', 
'tensorflow._api.v2.compat.v2.io', 'tensorflow._api.v2.compat.v2.image', 
'tensorflow._api.v2.compat.v2.graph_util', 
'tensorflow._api.v2.compat.v2.feature_column', 
'tensorflow._api.v2.compat.v2.experimental.tensorrt', 
'tensorflow._api.v2.compat.v2.experimental.numpy.random', 
'tensorflow._api.v2.compat.v2.experimental.numpy', 
'tensorflow._api.v2.compat.v2.experimental.extension_type', 
'tensorflow._api.v2.compat.v2.experimental.dtensor', 
'tensorflow._api.v2.compat.v2.experimental.dlpack', 
'tensorflow._api.v2.compat.v2.experimental', 
'tensorflow._api.v2.compat.v2.errors', 
'tensorflow._api.v2.compat.v2.dtypes.experimental', 
'tensorflow._api.v2.compat.v2.dtypes', 
'tensorflow._api.v2.compat.v2.distribute.experimental.rpc', 
'tensorflow._api.v2.compat.v2.distribute.experimental.partitioners', 
'tensorflow._api.v2.compat.v2.distribute.experimental.coordinator', 
'tensorflow._api.v2.compat.v2.distribute.experimental', 
'tensorflow._api.v2.compat.v2.distribute.coordinator', 
'tensorflow._api.v2.compat.v2.distribute.cluster_resolver', 
'tensorflow._api.v2.compat.v2.distribute', 
'tensorflow._api.v2.compat.v2.debugging.experimental', 
'tensorflow._api.v2.compat.v2.debugging', 
'tensorflow._api.v2.compat.v2.data.experimental.service', 
'tensorflow._api.v2.compat.v2.data.experimental', 
'tensorflow._api.v2.compat.v2.data', 
'tensorflow._api.v2.compat.v2.config.threading', 
'tensorflow._api.v2.compat.v2.config.optimizer', 
'tensorflow._api.v2.compat.v2.config.experimental', 
'tensorflow._api.v2.compat.v2.config', 
'tensorflow._api.v2.compat.v2.compat.v2.compat', 
'tensorflow._api.v2.compat.v2.compat.v2', 
'tensorflow._api.v2.compat.v2.compat.v1.compat', 
'tensorflow._api.v2.compat.v2.compat.v1', 
'tensorflow._api.v2.compat.v2.compat', 
'tensorflow._api.v2.compat.v2.bitwise', 
'tensorflow._api.v2.compat.v2.autograph.experimental', 
'tensorflow._api.v2.compat.v2.autograph', 
'tensorflow._api.v2.compat.v2.autodiff', 
'tensorflow._api.v2.compat.v2.audio', 
'tensorflow._api.v2.compat.v2.__operators__', 
'tensorflow._api.v2.compat.v2.__internal__.types.data', 
'tensorflow._api.v2.compat.v2.__internal__.types', 
'tensorflow._api.v2.compat.v2.__internal__.train', 
'tensorflow._api.v2.compat.v2.__internal__.tracking', 
'tensorflow._api.v2.compat.v2.__internal__.tf2', 
'tensorflow._api.v2.compat.v2.__internal__.test.combinations', 
'tensorflow._api.v2.compat.v2.__internal__.test', 
'tensorflow._api.v2.compat.v2.__internal__.smart_cond', 
'tensorflow._api.v2.compat.v2.__internal__.saved_model.load', 
'tensorflow._api.v2.compat.v2.__internal__.saved_model', 
'tensorflow._api.v2.compat.v2.__internal__.ops', 
'tensorflow._api.v2.compat.v2.__internal__.nest', 
'tensorflow._api.v2.compat.v2.__internal__.monitoring', 
'tensorflow._api.v2.compat.v2.__internal__.mixed_precision', 
'tensorflow._api.v2.compat.v2.__internal__.graph_util', 
'tensorflow._api.v2.compat.v2.__internal__.function', 
'tensorflow._api.v2.compat.v2.__internal__.feature_column', 
'tensorflow._api.v2.compat.v2.__internal__.eager_context', 'tensorflow._ap
i.v2.compat.v2.__internal__.distribute.multi_process_runner', 
'tensorflow._api.v2.compat.v2.__internal__.distribute.interim', 
'tensorflow._api.v2.compat.v2.__internal__.distribute.combinations', 
'tensorflow._api.v2.compat.v2.__internal__.distribute', 
'tensorflow._api.v2.compat.v2.__internal__.dispatch', 
'tensorflow._api.v2.compat.v2.__internal__.decorator', 
'tensorflow._api.v2.compat.v2.__internal__.autograph', 
'tensorflow._api.v2.compat.v2.__internal__', 
'tensorflow._api.v2.compat.v2', 
'tensorflow._api.v2.compat.v1.xla.experimental', 
'tensorflow._api.v2.compat.v1.xla', 
'tensorflow._api.v2.compat.v1.version', 
'tensorflow._api.v2.compat.v1.user_ops', 
'tensorflow._api.v2.compat.v1.types.experimental', 
'tensorflow._api.v2.compat.v1.types', 
'tensorflow._api.v2.compat.v1.train.queue_runner', 
'tensorflow._api.v2.compat.v1.train.experimental', 
'tensorflow._api.v2.compat.v1.train', 
'tensorflow._api.v2.compat.v1.tpu.experimental.embedding', 
'tensorflow._api.v2.compat.v1.tpu.experimental', 
'tensorflow._api.v2.compat.v1.tpu', 
'tensorflow._api.v2.compat.v1.test.experimental', 
'tensorflow._api.v2.compat.v1.test', 
'tensorflow._api.v2.compat.v1.sysconfig', 
'tensorflow._api.v2.compat.v1.summary', 
'tensorflow._api.v2.compat.v1.strings', 
'tensorflow._api.v2.compat.v1.spectral', 
'tensorflow._api.v2.compat.v1.sparse', 
'tensorflow._api.v2.compat.v1.signal', 
'tensorflow._api.v2.compat.v1.sets', 
'tensorflow._api.v2.compat.v1.saved_model.utils', 
'tensorflow._api.v2.compat.v1.saved_model.tag_constants', 
'tensorflow._api.v2.compat.v1.saved_model.signature_def_utils', 
'tensorflow._api.v2.compat.v1.saved_model.signature_constants', 
'tensorflow._api.v2.compat.v1.saved_model.main_op', 
'tensorflow._api.v2.compat.v1.saved_model.loader', 
'tensorflow._api.v2.compat.v1.saved_model.experimental', 
'tensorflow._api.v2.compat.v1.saved_model.constants', 
'tensorflow._api.v2.compat.v1.saved_model.builder', 
'tensorflow._api.v2.compat.v1.saved_model', 
'tensorflow._api.v2.compat.v1.resource_loader', 
'tensorflow._api.v2.compat.v1.raw_ops', 
'tensorflow._api.v2.compat.v1.random.experimental', 
'tensorflow._api.v2.compat.v1.random', 
'tensorflow._api.v2.compat.v1.ragged', 
'tensorflow._api.v2.compat.v1.queue', 
'tensorflow._api.v2.compat.v1.quantization.experimental', 
'tensorflow._api.v2.compat.v1.quantization', 
'tensorflow._api.v2.compat.v1.python_io', 
'tensorflow._api.v2.compat.v1.profiler', 
'tensorflow._api.v2.compat.v1.nn.rnn_cell', 
'tensorflow._api.v2.compat.v1.nn.experimental', 
'tensorflow._api.v2.compat.v1.nn', 'tensorflow._api.v2.compat.v1.nest', 
'tensorflow._api.v2.compat.v1.mlir.experimental', 
'tensorflow._api.v2.compat.v1.mlir', 
'tensorflow._api.v2.compat.v1.mixed_precision.experimental', 
'tensorflow._api.v2.compat.v1.mixed_precision', 
'tensorflow._api.v2.compat.v1.metrics', 
'tensorflow._api.v2.compat.v1.math.special', 
'tensorflow._api.v2.compat.v1.math', 
'tensorflow._api.v2.compat.v1.manip', 
'tensorflow._api.v2.compat.v1.losses', 
'tensorflow._api.v2.compat.v1.lookup.experimental', 
'tensorflow._api.v2.compat.v1.lookup', 
'tensorflow._api.v2.compat.v1.logging', 
'tensorflow._api.v2.compat.v1.lite.experimental.authoring', 
'tensorflow._api.v2.compat.v1.lite.experimental', 
'tensorflow._api.v2.compat.v1.lite.constants', 
'tensorflow._api.v2.compat.v1.lite', 
'tensorflow._api.v2.compat.v1.linalg.experimental', 
'tensorflow._api.v2.compat.v1.linalg', 
'tensorflow._api.v2.compat.v1.layers', 
'tensorflow._api.v2.compat.v1.io.gfile', 
'tensorflow._api.v2.compat.v1.io', 
'tensorflow._api.v2.compat.v1.initializers', 
'tensorflow._api.v2.compat.v1.image', 
'tensorflow._api.v2.compat.v1.graph_util', 
'tensorflow._api.v2.compat.v1.gfile', 
'tensorflow._api.v2.compat.v1.feature_column', 
'tensorflow._api.v2.compat.v1.experimental.extension_type', 
'tensorflow._api.v2.compat.v1.experimental', 
'tensorflow._api.v2.compat.v1.errors', 
'tensorflow._api.v2.compat.v1.dtypes.experimental', 
'tensorflow._api.v2.compat.v1.dtypes', 
'tensorflow._api.v2.compat.v1.distributions', 
'tensorflow._api.v2.compat.v1.distribute.experimental', 
'tensorflow._api.v2.compat.v1.distribute.cluster_resolver', 
'tensorflow._api.v2.compat.v1.distribute', 
'tensorflow._api.v2.compat.v1.debugging.experimental', 
'tensorflow._api.v2.compat.v1.debugging', 
'tensorflow._api.v2.compat.v1.data.experimental.service', 
'tensorflow._api.v2.compat.v1.data.experimental', 
'tensorflow._api.v2.compat.v1.data', 
'tensorflow._api.v2.compat.v1.config.threading', 
'tensorflow._api.v2.compat.v1.config.optimizer', 
'tensorflow._api.v2.compat.v1.config.experimental', 
'tensorflow._api.v2.compat.v1.config', 
'tensorflow._api.v2.compat.v1.compat.v2.compat', 
'tensorflow._api.v2.compat.v1.compat.v2', 
'tensorflow._api.v2.compat.v1.compat.v1.compat', 
'tensorflow._api.v2.compat.v1.compat.v1', 
'tensorflow._api.v2.compat.v1.compat', 
'tensorflow._api.v2.compat.v1.bitwise', 
'tensorflow._api.v2.compat.v1.autograph.experimental', 
'tensorflow._api.v2.compat.v1.autograph', 
'tensorflow._api.v2.compat.v1.audio', 'tensorflow._api.v2.compat.v1.app', 
'tensorflow._api.v2.compat.v1.__internal__.types.data', 
'tensorflow._api.v2.compat.v1.__internal__.types', 
'tensorflow._api.v2.compat.v1.__internal__', 
'tensorflow._api.v2.compat.v1', 'tensorflow._api.v2.compat', 
'tensorflow._api.v2.bitwise', 
'tensorflow._api.v2.autograph.experimental', 
'tensorflow._api.v2.autograph', 'tensorflow._api.v2.autodiff', 
'tensorflow._api.v2.audio', 'tensorflow._api.v2.__operators__', 
'tensorflow._api.v2.__internal__.types.data', 
'tensorflow._api.v2.__internal__.types', 
'tensorflow._api.v2.__internal__.train', 
'tensorflow._api.v2.__internal__.tracking', 
'tensorflow._api.v2.__internal__.tf2', 
'tensorflow._api.v2.__internal__.test.combinations', 
'tensorflow._api.v2.__internal__.test', 
'tensorflow._api.v2.__internal__.smart_cond', 
'tensorflow._api.v2.__internal__.saved_model.load', 
'tensorflow._api.v2.__internal__.saved_model', 
'tensorflow._api.v2.__internal__.ops', 
'tensorflow._api.v2.__internal__.nest', 
'tensorflow._api.v2.__internal__.monitoring', 
'tensorflow._api.v2.__internal__.mixed_precision', 
'tensorflow._api.v2.__internal__.graph_util', 
'tensorflow._api.v2.__internal__.function', 
'tensorflow._api.v2.__internal__.feature_column', 
'tensorflow._api.v2.__internal__.eager_context', 
'tensorflow._api.v2.__internal__.distribute.multi_process_runner', 
'tensorflow._api.v2.__internal__.distribute.interim', 
'tensorflow._api.v2.__internal__.distribute.combinations', 
'tensorflow._api.v2.__internal__.distribute', 
'tensorflow._api.v2.__internal__.dispatch', 
'tensorflow._api.v2.__internal__.decorator', 
'tensorflow._api.v2.__internal__.autograph', 
'tensorflow._api.v2.__internal__', 'tensorflow._api.v2', 
'tensorflow._api', 'tensorflow', 're', 'encodings', 'collections', 
'importlib', 'matplotlib.backends.qt_editor', 'matplotlib.style', 
'matplotlib', 'numpy', 'numpy.strings', 'numpy.char', 'numpy.rec', 
'pandas', 'pandas.io.sas', 'pandas._testing']
